bun test v1.4.2 (744846f84)
--changed: 8 changed files, running 4/15 test files

tests/state.test.ts:
(pass) canonical states parse and save without retired fields and retain defaults [15.14ms]
(pass) strict schema rejects legacy keys priority [0.37ms]
(pass) strict schema rejects legacy keys slot [0.06ms]
(pass) strict schema rejects legacy keys priority, slot [0.06ms]
(pass) strict schema rejects legacy keys failed_notified [0.02ms]
(pass) open lazily migrates priority regardless of legacy value type [11.43ms]
(pass) open lazily migrates slot regardless of legacy value type [11.09ms]
(pass) open lazily migrates priority, slot regardless of legacy value type [10.10ms]
(pass) open lazily migrates failed_notified regardless of legacy value type [10.82ms]
(pass) closed lazily migrates priority regardless of legacy value type [10.95ms]
(pass) closed lazily migrates slot regardless of legacy value type [11.23ms]
(pass) closed lazily migrates priority, slot regardless of legacy value type [14.68ms]
(pass) closed lazily migrates failed_notified regardless of legacy value type [11.54ms]
(pass) parked lazily migrates priority regardless of legacy value type [10.85ms]
(pass) parked lazily migrates slot regardless of legacy value type [11.68ms]
(pass) parked lazily migrates priority, slot regardless of legacy value type [13.19ms]
(pass) parked lazily migrates failed_notified regardless of legacy value type [13.46ms]
(pass) migration retains strict validation of unknown keys, required fields, known values and YAML shapes [14.21ms]
(pass) allLeaves validates open depth 0 before reading state [11.30ms]
(pass) allLeaves validates open depth 1 before reading state [11.12ms]
(pass) allLeaves validates open depth 2 before reading state [11.04ms]
(pass) allLeaves validates open depth 3 before reading state [9.81ms]
(pass) allLeaves validates open depth 4 before reading state [12.37ms]
(pass) allLeaves validates closed depth 0 before reading state [11.97ms]
(pass) allLeaves validates closed depth 1 before reading state [11.04ms]
(pass) allLeaves validates closed depth 2 before reading state [10.23ms]
(pass) allLeaves validates closed depth 3 before reading state [10.28ms]
(pass) allLeaves validates closed depth 4 before reading state [9.87ms]
(pass) findLeaf identifies parked issue/leaf without parsing its state [11.52ms]
(pass) findLeaf identifies parked epic/issue/leaf without parsing its state [9.83ms]
(pass) failure record round-trips and rejects unknown keys [11.30ms]
(pass) findLeaf ignores parked folders without state and unsupported nesting [12.05ms]
(pass) delivery_error defaults to empty and accepts strict shape [1.26ms]
(pass) legacy state without delivery_error parses with empty default [11.01ms]

tests/status.test.ts:
(pass) overview reads multiple repos outside git, retains hierarchy and recorded fields without writes [59.65ms]
(pass) age is unavailable for missing, empty, unrelated and future history and uses file order [222.31ms]
(pass) overview reports no open leaves for a missing open directory without writes [41.76ms]
(pass) overview reports no open leaves for a empty open directory without writes [43.75ms]
(pass) incomplete repositories report exact paths before readable trees and exit nonzero [456.51ms]
(pass) repo mismatch identifies both keys in overview and detail while healthy repos remain visible [89.83ms]
(pass) overview rejects repo mismatches and duplicate slugs within an open repo [79.02ms]
(pass) detail resolves authoritative closed state from a worktree, limits history, and never reads prose or writes [134.49ms]
(pass) busy durations appear in NOTE for every recorded seat without writes or herdr calls [47.85ms]
(pass) status reports invalid open/ while showing another repo without writes [117.39ms]
(pass) status reports invalid open/invalid while showing another repo without writes [118.82ms]
(pass) status reports invalid open/epic/issue/extra/invalid while showing another repo without writes [124.09ms]
(pass) status identifies dormant issue/resting and prefers open or closed leaves [225.15ms]
(pass) status identifies dormant epic/issue/resting and prefers open or closed leaves [204.83ms]
(pass) --charts lists every chart with taken counts, fog items, stage and age [99.25ms]
(pass) --charts derives stage from last terminal marker line [89.60ms]
(pass) delivery errors surface as prompt tokens unless the seat is busy [47.26ms]
(pass) failed leaves show cause and reason in NOTE and terminal phases suppress busy [45.62ms]

tests/next.test.ts:
(pass) next rejects relative file before dispatch or leaf mutation [41.84ms]
(pass) next rejects absolute file before dispatch or leaf mutation [46.21ms]
(pass) next rejects file symlink before dispatch or leaf mutation [46.24ms]
(pass) next dispatches an explicit leaf folder [340.26ms]
(pass) next dispatches an explicit worktree path [345.87ms]
(pass) next reports Herdr response context for not-json-response [81.26ms]
(pass) next reports Herdr response context for {"result":{"panes":"invalid-panes"}} [75.43ms]
plan-issue build slot=A phase=plan.synthesis leaf=/tmp/akrogon-lhqfX3/repo/issues/open/issue/build
(pass) next creates one worktree/tab under concurrent hooks, prompts configured A, ignores working events and resolves hook cwd [644.11ms]
(pass) next from an operator pane owning no leaf dispatches by cwd instead of returning silently [321.78ms]
(pass) next re-prompts an idle seat whose prompt is older than the grace period and the phase never moved [794.99ms]
(pass) a stale prompt never re-prompts a busy or done seat, succeeds without failing, and three failing passes fail the leaf [2211.69ms]
(pass) next does not re-prompt a slot whose prompted session is still alive, and re-prompts a new session [703.93ms]
(pass) next waits on a blocked agent instead of counting attempts or flipping seats [500.03ms]
(pass) next resumes interrupted tab creation, fails after three failing passes [987.88ms]
(pass) failed leaves never notify on dispatch [151.08ms]
(pass) busy seats persist, warn strictly after an hour, retry delivery and clear independent episodes [2600.39ms]
(pass) unknown panes wait, warn after an hour and keep busy observations [877.62ms]
(pass) next refuses hand-built and dependencies, respects capacity, and waits on unknown panes [628.77ms]
(pass) a merged leaf with its tab still open does not count toward max_active [817.96ms]
(pass) a closed tab hook from a merged leaf starts the dependent [773.08ms]
(pass) merged phase closes tab on typed next and starts the dependent [1084.04ms]
(pass) completing a leaf via targeted starts only same-repo dependents [811.87ms]
(pass) completing a leaf via tab_closed starts only same-repo dependents [746.95ms]
(pass) completing a leaf via pane_hook starts only same-repo dependents [750.59ms]
(pass) a dependent still blocked by an unmerged leaf stays unallocated after its first blocker merges [467.79ms]
(pass) next --all inside a checkout sweeps only that repo [385.36ms]
(pass) unreadable state reserves its capacity and reports its path [869.38ms]
(pass) one unreadable leaf blocks all capacity at max_active 1 [101.34ms]
(pass) machine-wide capacity includes another registered repo and folder selection respects it [388.15ms]
(pass) merged leaves do not reserve capacity for other waiting leaves [852.18ms]
(pass) next recovers only merge-phase work by ancestry against a non-default remote target [895.44ms]
(pass) exited hooks resolve persisted pane hints and preserve the surviving slot [769.34ms]
(pass) delayed working and idle notifications from the prompted session never consume retries [564.76ms]
(pass) uncommitted work in a merge worktree is left to the merge seat [610.41ms]
(pass) a worktree parked mid-rebase is still dispatched [612.40ms]
(pass) a live merge retains its completion call after pushing, including a peer retry [619.17ms]
(pass) agent names support identical repo-local slugs and long numeric-leading slugs [623.42ms]
(pass) next awaits sourced completion after a failed rename before removing the worktree [794.25ms]
(pass) missing registration is isolated during startup [570.52ms]
(pass) missing registration is isolated during hook [569.52ms]
(pass) missing registration is isolated during cwd [577.74ms]
(pass) missing dependencies skip their leaf while readable unmet dependencies wait and siblings dispatch [339.10ms]
(pass) bad YAML and invalid states reserve occupancy at capacity 3 [944.29ms]
(pass) bad YAML and invalid states reserve occupancy at capacity 4 [862.80ms]
(pass) dirty merged worktree cleanup drops the leftover and removes the worktree [673.51ms]
(pass) bare next from inside the repo cleans up its merged leaves [680.14ms]
(pass) global lock acquisition failure is fatal [43.10ms]
(pass) lock finalization failures and invalid hook events remain fatal [385.95ms]
(pass) duplicate leaf identity never dispatches an arbitrary leaf [375.16ms]
(pass) mismatch leaf identity never dispatches an arbitrary leaf [388.36ms]
(pass) next selection and sweep report both repo keys without dispatching or changing the mismatched leaf [407.28ms]
(pass) foreign leaves summarize once per repo with count and paths [50.11ms]
(pass) foreign leaves do not consume capacity while healthy leaves in both repos dispatch [606.20ms]
(pass) foreign slugs are missing for lookup and dispatch [88.03ms]
(pass) unreadable leaves reserve capacity while foreign leaves summarize separately [328.09ms]
(pass) merged foreign leaves survive cleanup with worktree branch and tab intact [348.79ms]
(pass) two repos summarize once per repo on every invocation [97.27ms]
(pass) changed worktree root reports recorded and expected worktrees without creating or prompting [117.37ms]
(pass) changed repo root reports recorded and expected worktrees without creating or prompting [112.26ms]
(pass) moving a repo with the same registered key supports status, phase and dispatch without a recorded worktree [409.79ms]
(pass) unknown directory population reserves all new capacity but allows existing tabs [633.10ms]
(pass) non-Error throws cross the scoped discovery boundary unchanged [44.63ms]
(pass) explicit unreadable targets retain the original error without a missing-target stack [110.93ms]
(pass) a selected leaf removed before its global lock is reported as skipped [44.60ms]
(pass) next prompts an idle agent with null session data [563.34ms]
(pass) next prompts an idle agent with omitted session data [567.60ms]
(pass) blocked merge seat B prevents fetch and clean checks in a dirty worktree [505.11ms]
(pass) a blocked non-merge seat does not stall a merge leaf [613.88ms]
(pass) merge, check.fix and post-repair review dispatch to their swapped seats [1073.25ms]
(pass) recorded seats stay authoritative with an extra pane first and neither missing [597.74ms]
(pass) recorded seats stay authoritative with an extra pane first and A missing [579.81ms]
(pass) recorded seats stay authoritative with an extra pane first and B missing [604.36ms]
(pass) recorded seats stay authoritative with an extra pane first and both missing [736.46ms]
(pass) allocation handles an interrupted tab [533.32ms]
(pass) allocation handles an empty tab [511.63ms]
(pass) allocation handles an recreated tab [671.89ms]
(pass) agent start allows 30 seconds while prompt wait remains 5 seconds [337.80ms]
(pass) startup retries closure before cleanup and retains failed owners with their worktree and branch while the tab closes [698.48ms]
(pass) startup retains a merged leaf's worktree and branch while closing its tab as an epic sibling stays unfinished (--resume) [481.47ms]
(pass) startup retains a merged leaf's worktree and branch while closing its tab as an epic sibling stays unfinished (--all) [503.69ms]
(pass) a leaf tab survives the seat-B blocked hook [453.00ms]
(pass) a leaf tab survives the seat-B unknown hook [450.77ms]
(pass) a leaf tab survives the seat-A idle hook [453.87ms]
(pass) a leaf tab survives the seat-A exited hook [459.97ms]
(pass) a leaf tab survives the unmerged idle hook [510.40ms]
(pass) a merged leaf whose tab is already gone makes no tab close call and a driven tab_closed hook stays quiet [698.57ms]
(pass) a merged leaf whose closure failed during phase merged closes its tab on the seat-B idle hook after moving [700.56ms]
(pass) a seat-B idle hook closes the merged leaf tab while the worktree and branch stay [549.63ms]
(pass) next --resume re-prompts allocated idle leaves in every registered repo without allocating new work [1241.23ms]
(pass) next --resume completes and cleans a merged leaf while its unallocated dependent stays untouched [412.94ms]
{"repo":"repo","path":"/tmp/akrogon-JZIecC/repo/issues/open","error":"[\n  {\n    \"code\": \"custom\",\n    \"path\": [],\n    \"message\": \"Invalid leaf depth: /tmp/akrogon-JZIecC/repo/issues/open/state.yaml\"\n  }\n]"}
{"repo":"repo","path":"/tmp/akrogon-JZIecC/repo/issues/open","error":"[\n  {\n    \"code\": \"custom\",\n    \"path\": [],\n    \"message\": \"Invalid leaf depth: /tmp/akrogon-JZIecC/repo/issues/open/state.yaml\"\n  }\n]"}
(pass) explicit next rejects open/ before any flock [81.21ms]
{"repo":"repo","path":"/tmp/akrogon-lbohgV/repo/issues/open/invalid","error":"[\n  {\n    \"code\": \"custom\",\n    \"path\": [],\n    \"message\": \"Invalid leaf depth: /tmp/akrogon-lbohgV/repo/issues/open/invalid/state.yaml\"\n  }\n]"}
{"repo":"repo","path":"/tmp/akrogon-lbohgV/repo/issues/open/invalid","error":"[\n  {\n    \"code\": \"custom\",\n    \"path\": [],\n    \"message\": \"Invalid leaf depth: /tmp/akrogon-lbohgV/repo/issues/open/invalid/state.yaml\"\n  }\n]"}
(pass) explicit next rejects open/invalid before any flock [71.85ms]
{"repo":"repo","path":"/tmp/akrogon-Zgnuco/repo/issues/open/epic/issue/extra/invalid","error":"[\n  {\n    \"code\": \"custom\",\n    \"path\": [],\n    \"message\": \"Invalid leaf depth: /tmp/akrogon-Zgnuco/repo/issues/open/epic/issue/extra/invalid/state.yaml\"\n  }\n]"}
{"repo":"repo","path":"/tmp/akrogon-Zgnuco/repo/issues/open/epic/issue/extra/invalid","error":"[\n  {\n    \"code\": \"custom\",\n    \"path\": [],\n    \"message\": \"Invalid leaf depth: /tmp/akrogon-Zgnuco/repo/issues/open/epic/issue/extra/invalid/state.yaml\"\n  }\n]"}
(pass) explicit next rejects open/epic/issue/extra/invalid before any flock [75.04ms]
{"repo":"repo","path":"/tmp/akrogon-eo0ADF/repo/issues/closed","error":"[\n  {\n    \"code\": \"custom\",\n    \"path\": [],\n    \"message\": \"Invalid leaf depth: /tmp/akrogon-eo0ADF/repo/issues/closed/state.yaml\"\n  }\n]"}
{"repo":"repo","path":"/tmp/akrogon-eo0ADF/repo/issues/closed","error":"[\n  {\n    \"code\": \"custom\",\n    \"path\": [],\n    \"message\": \"Invalid leaf depth: /tmp/akrogon-eo0ADF/repo/issues/closed/state.yaml\"\n  }\n]"}
(pass) explicit next rejects closed/ before any flock [89.82ms]
{"repo":"repo","path":"/tmp/akrogon-xfs7vb/repo/issues/closed/invalid","error":"[\n  {\n    \"code\": \"custom\",\n    \"path\": [],\n    \"message\": \"Invalid leaf depth: /tmp/akrogon-xfs7vb/repo/issues/closed/invalid/state.yaml\"\n  }\n]"}
{"repo":"repo","path":"/tmp/akrogon-xfs7vb/repo/issues/closed/invalid","error":"[\n  {\n    \"code\": \"custom\",\n    \"path\": [],\n    \"message\": \"Invalid leaf depth: /tmp/akrogon-xfs7vb/repo/issues/closed/invalid/state.yaml\"\n  }\n]"}
(pass) explicit next rejects closed/invalid before any flock [74.50ms]
{"repo":"repo","path":"/tmp/akrogon-Ss1Nqx/repo/issues/closed/epic/issue/extra/invalid","error":"[\n  {\n    \"code\": \"custom\",\n    \"path\": [],\n    \"message\": \"Invalid leaf depth: /tmp/akrogon-Ss1Nqx/repo/issues/closed/epic/issue/extra/invalid/state.yaml\"\n  }\n]"}
{"repo":"repo","path":"/tmp/akrogon-Ss1Nqx/repo/issues/closed/epic/issue/extra/invalid","error":"[\n  {\n    \"code\": \"custom\",\n    \"path\": [],\n    \"message\": \"Invalid leaf depth: /tmp/akrogon-Ss1Nqx/repo/issues/closed/epic/issue/extra/invalid/state.yaml\"\n  }\n]"}
(pass) explicit next rejects closed/epic/issue/extra/invalid before any flock [69.77ms]
(pass) invalid merged depth stays excluded during --all with healthy work [313.35ms]
(pass) invalid merged depth stays excluded during . with healthy work [309.99ms]
(pass) invalid merged depth stays excluded during hook with healthy work [588.58ms]
error: Missing leaf: resting (parked)
(pass) next identifies dormant issue/resting without parsing and prefers active leaves [648.73ms]
error: Missing leaf: resting (parked)
(pass) next identifies dormant epic/issue/resting without parsing and prefers active leaves [600.50ms]
(pass) merge leaf with landed branch re-prompts its idle seat instead of auto-recovering [594.45ms]
(pass) debate leaf without positions files refuses dispatch until positions exist [373.77ms]
(pass) typed next from a leaf pane sweeps and removes merged worktrees [915.10ms]
(pass) spaced repo root dispatches leaf= with the complete spaced authoritative folder [354.56ms]
(pass) a failed leaf with its tab still open does not count toward max_active [665.08ms]
(pass) a failed leaf does not reserve capacity in the unreadable branch [633.25ms]
(pass) a failed leaf with a blocked pane is not seat-observed [407.22ms]
(pass) retryable prompt failure charges one attempt, records delivery_error, and sends one prompt [303.08ms]
(pass) three consecutive prompt failures fail the leaf during the third pass [846.93ms]
(pass) a successful prompt between failures resets attempts [729.91ms]
(pass) a pass that starts the agent then observes it not idle charges nothing [267.71ms]
(pass) timeout settlement records delivery when exact user text lands after the offset [519.40ms]
(pass) timeout settlement ignores the same text before the offset [482.68ms]
(pass) timeout settlement ignores prompt text inside assistant and tool records [510.46ms]
(pass) timeout settlement ignores a trailing partial line but keeps earlier records [500.39ms]
(pass) a record appended after a timeout is recognized by the next pass without resending [715.09ms]
(pass) timeout with a missing session file records a plain error without offset [538.16ms]
(pass) timeout settlement resolves id-kind references under HOME [486.13ms]
(pass) timeout with an unresolvable id records a plain error without offset [514.99ms]
(pass) a retryable agent start failure charges once without prompting, then recovers [507.06ms]
(pass) a non-retryable prompt code fails unreachable without throwing and siblings still dispatch [657.59ms]
(pass) non-JSON prompt stderr fails unreachable with exit code and trimmed message [636.11ms]
(pass) malformed prompt error JSON fails unreachable with exit code [648.91ms]
(pass) a successful prompt clears delivery_error and resets attempts [510.34ms]
(pass) next uses repo seat overrides for both seats with spaced model as one argv element [429.24ms]
(pass) next inherits non-overridden seat from global slots [422.12ms]
(pass) next refuses unknown harness override before allocation [47.96ms]
(pass) next refuses a new leaf with a missing base (C1) before worktree creation [44.92ms]
(pass) next refuses a new leaf with a missing base (C2) before worktree creation [50.04ms]
(pass) next refuses a new leaf with a missing base (C3) before worktree creation [50.53ms]
(pass) next refuses a leaf branch without a worktree when the remote branch is gone [53.05ms]
(pass) next refuses an existing worktree whose tracking ref is deleted while the remote branch lives [50.56ms]
(pass) next refuses an existing worktree whose tracking ref is deleted when the remote branch is gone [58.28ms]
(pass) next dispatches an existing worktree without querying an unreachable remote [318.46ms]
(pass) next refuses to create a worktree while the remote is unreachable [51.42ms]
(pass) next branches a new worktree from the tracking commit, never a same-named local ref [318.75ms]

tests/phase.test.ts:
(pass) valid phase transition rejects a mismatched repo key without changing state or history [49.95ms]
(pass) real same-slot and different-slot races record once and refuse stale moves unchanged [167.75ms]
(pass) review aggregates verdicts, rechecks only B, caps repairs and permits operator restart [316.52ms]
(pass) handoff to review refuses a dirty worktree at every move and issue files on the branch, then passes [143.11ms]
(pass) completion reports each issue once, moves only finished containers, and refuses repeated merged [147.41ms]
(pass) completion leaves a chart holding a same-slug draft in place and keeps the inventory readable [150.26ms]
(pass) failed log preserves committed state and failed container rename retries without replay [156.73ms]
(pass) failed log diagnostics report committed state without replay [80.62ms]
(pass) asymmetric and empty leaf sources defer until epic completion under open locks [253.70ms]
(pass) source retries recheck state, skip CLOSED, and continue after final failures without moving [581.36ms]
(pass) sourced completion without worktree context fails before rename without a fabricated commit [48.14ms]
(pass) partial commented close success retries without duplicating a merged comment on a later page [201.90ms]
(pass) failed or malformed retry comment listing prevents another close and continues later sources [621.07ms]
(pass) each completed issue closes only its all-leaf private sources before the final epic closure [280.62ms]
(pass) standalone closure failure retries outstanding sources on next without replaying completion [317.26ms]
(pass) epic closure failure retries outstanding sources on next without replaying completion [323.72ms]
(pass) standalone completion closes the union of asymmetric leaf sources [167.19ms]
(pass) invalid sources and empty worktree fail at load without state, log or gh changes [94.63ms]
(pass) phase implement fails with Missing worktree when the recorded folder is gone [43.06ms]
(pass) failed exits by command reset attempts and allow check.fix [86.58ms]
(pass) empty branch refuses review naming target [44.79ms]
(pass) planning move refuses issue files on branch naming leaf path, then records when clean [82.28ms]
(pass) planning synthesis with empty branch moves to implement [43.58ms]
(pass) stop from implement on dirty worktree records blocked failure and clears busy fields [85.73ms]
(pass) stops land in failed immediately without phase advance and validate slots [294.75ms]
(pass) blocked restart skips clean check and removes failure while attempts restart refuses dirty [84.43ms]
(pass) failed routing and reason misuse are guarded [237.61ms]
(pass) merge to merged clears busy fields [46.27ms]
(pass) fix cap records attempts failure [62.53ms]
(pass) failed restart refuses issue files on branch but allows move without worktree [79.06ms]
(pass) failed announce renames tabs, tolerates missing tabs, and retries herdr calls [508.16ms]
(pass) phase move clears delivery_error [45.21ms]
(pass) plan.synthesis refuses a --slot B move without changing state or log [41.25ms]
(pass) implement refuses a --slot B move without changing state or log [43.90ms]
(pass) check.fix refuses a --slot B move without changing state or log [43.47ms]
(pass) merge refuses a --slot A move without changing state or log [40.77ms]
(pass) check.review refuses a --slot A move without changing state or log [47.12ms]

 226 pass
 0 fail
 1898 expect() calls
Ran 226 tests across 4 files. [77.07s]
