$ prettier --write src tests
src/akrogon.ts 35ms (unchanged)
src/AREA.md 13ms (unchanged)
src/config.ts 24ms (unchanged)
src/init.ts 6ms (unchanged)
src/install.ts 4ms (unchanged)
src/log.ts 2ms (unchanged)
src/next.ts 38ms (unchanged)
src/park.ts 6ms (unchanged)
src/phase.ts 10ms (unchanged)
src/preflight.ts 4ms (unchanged)
src/pull.ts 10ms (unchanged)
src/routing.ts 2ms (unchanged)
src/session-file.ts 3ms (unchanged)
src/shell.ts 6ms (unchanged)
src/state.ts 10ms (unchanged)
src/status.ts 21ms (unchanged)
src/sync.ts 7ms (unchanged)
tests/AREA.md 2ms (unchanged)
tests/close.test.ts 4ms (unchanged)
tests/command-reference.test.ts 5ms (unchanged)
tests/config.test.ts 10ms (unchanged)
tests/docs-links.test.ts 4ms (unchanged)
tests/fake-gh.ts 4ms (unchanged)
tests/fake-herdr.ts 8ms (unchanged)
tests/helpers.ts 5ms (unchanged)
tests/init.test.ts 10ms (unchanged)
tests/install.test.ts 8ms (unchanged)
tests/next.test.ts 153ms (unchanged)
tests/park.test.ts 6ms (unchanged)
tests/phase.test.ts 47ms (unchanged)
tests/preflight.test.ts 5ms (unchanged)
tests/pull.test.ts 13ms (unchanged)
tests/shell.test.ts 7ms (unchanged)
tests/state.test.ts 7ms (unchanged)
tests/status.test.ts 19ms (unchanged)
tests/sync.test.ts 12ms (unchanged)
tests/watch-issues-scripts.test.ts 1ms (unchanged)
