src/akrogon.ts 29ms (unchanged)
src/config.ts 18ms (unchanged)
src/init.ts 7ms (unchanged)
src/install.ts 4ms (unchanged)
src/log.ts 2ms (unchanged)
src/next.ts 23ms (unchanged)
src/park.ts 9ms (unchanged)
src/phase.ts 8ms (unchanged)
src/pull.ts 13ms (unchanged)
src/routing.ts 3ms (unchanged)
src/shell.ts 5ms (unchanged)
src/state.ts 6ms (unchanged)
src/status.ts 11ms (unchanged)
src/sync.ts 2ms (unchanged)
tests/browser/docs-concepts.config.ts 1ms (unchanged)
tests/browser/docs-concepts.pw.ts 6ms (unchanged)
tests/browser/docs-operate.config.ts 1ms (unchanged)
tests/browser/docs-operate.pw.ts 6ms (unchanged)
tests/browser/docs-practice.config.ts 1ms (unchanged)
tests/browser/docs-practice.pw.ts 9ms (unchanged)
tests/browser/docs-shell.pw.ts 5ms (unchanged)
tests/browser/playwright.config.ts 1ms (unchanged)
tests/config.test.ts 2ms (unchanged)
tests/fake-gh.ts 5ms (unchanged)
tests/fake-herdr.ts 7ms (unchanged)
tests/helpers.ts 5ms (unchanged)
tests/init.test.ts 3ms (unchanged)
tests/next.test.ts 36ms (unchanged)
tests/park.test.ts 5ms (unchanged)
tests/phase.test.ts 25ms (unchanged)
tests/pull.test.ts 18ms (unchanged)
tests/status.test.ts 11ms (unchanged)
tests/sync.test.ts 2ms (unchanged)
$ prettier --write src tests

Exit code: 0
