===== FILTER: missing A beside surviving B =====
error: expect(received).toEqual(expected)

- [
-   [
-     "pane",
-     "swap",
-     "--source-pane",
-     "w1:p3",
-     "--target-pane",
-     "w1:p5",
-   ],
- ]
+ []

- Expected  - 10
+ Received  + 1

      at <anonymous> (/home/ivan/Work/infra/akrogon/issues/worktrees/seat-a-replacement/tests/next.test.ts:2032:80)
(fail) missing A beside surviving B puts A left of B [918.86ms]

 0 pass
 193 filtered out
 1 fail
 7 expect() calls
Ran 1 test across 1 file. [945.00ms]
===== FILTER: restores operator tab focus =====
Expected length: 1
Received length: 0

      at <anonymous> (/home/ivan/Work/infra/akrogon/issues/worktrees/seat-a-replacement/tests/next.test.ts:2086:80)
(fail) restores operator tab focus within the leaf tab [738.14ms]
2054 |     expect(database(f).tabs.find((tab) => tab.tab_id === operator)?.focused).toBe(true);
2055 |     const state: State = dropSeatA(f, path);
2056 |     const before: number = calls(f).length;
2057 |     expect((await next(f, ['seat-a-focus'])).code).toBe(0);
2058 |     const invoked: string[][] = calls(f).slice(before);
2059 |     expect(invoked.filter((args) => args[0] === 'pane' && args[1] === 'swap')).toHaveLength(1);
                                                                                      ^
error: expect(received).toHaveLength(expected)

Expected length: 1
Received length: 0

      at <anonymous> (/home/ivan/Work/infra/akrogon/issues/worktrees/seat-a-replacement/tests/next.test.ts:2059:80)
(fail) restores operator tab focus from another workspace [772.54ms]

 0 pass
 192 filtered out
 2 fail
 9 expect() calls
Ran 2 tests across 1 file. [837.00ms]
===== FILTER: swap failure keeps =====
bun test v1.4.2 (744846f84)

tests/next.test.ts:
2102 |     const operator: string = await operatorTab(f);
2103 |     const state: State = dropSeatA(f, path);
2104 |     saveDatabase(f, { ...database(f), failSwapOnce: true });
2105 |     const before: number = calls(f).length;
2106 |     const result: Result = await next(f, ['seat-a-fail']);
2107 |     expect(result.code).not.toBe(0);
                                   ^
error: expect(received).not.toBe(expected)

Expected: not 0

      at <anonymous> (/home/ivan/Work/infra/akrogon/issues/worktrees/seat-a-replacement/tests/next.test.ts:2107:29)
(fail) swap failure keeps A recorded and reports the leaf [843.42ms]

 0 pass
 193 filtered out
 1 fail
 3 expect() calls
Ran 1 test across 1 file. [867.00ms]
===== FILTER: allocation paths unchanged =====

tests/next.test.ts:
(pass) allocation paths unchanged: new tab keeps A left with no swap or focus [417.86ms]
2276 |     expect((await next(f, ['seat-a-extra'])).code).toBe(0);
2277 |     const allocated: State = readState(path);
2278 |     expect(allocated.pane.B).toBe(state.pane.B);
2279 |     const a = rectOf(f, allocated.pane.A!);
2280 |     const b = rectOf(f, allocated.pane.B!);
2281 |     expect(a.x + a.width).toBeLessThanOrEqual(b.x);
                                 ^
error: expect(received).toBeLessThanOrEqual(expected)

Expected: <= 60
Received: 120

      at <anonymous> (/home/ivan/Work/infra/akrogon/issues/worktrees/seat-a-replacement/tests/next.test.ts:2281:27)
(fail) allocation paths unchanged: extra panes keep position while missing A still repairs [1010.63ms]
(pass) allocation paths unchanged: present and reversed seats keep IDs and positions [1357.60ms]
(pass) allocation paths unchanged: bootstrap and B-only keep A left with no swap or focus [1379.74ms]

 3 pass
 190 filtered out
 1 fail
 52 expect() calls
Ran 4 tests across 1 file. [1404.00ms]
