$ prettier --write src tests
src/akrogon.ts 36ms (unchanged)
src/AREA.md 14ms (unchanged)
src/config.ts 22ms (unchanged)
src/init.ts 7ms (unchanged)
src/install.ts 5ms (unchanged)
src/log.ts 2ms (unchanged)
src/next.ts 45ms (unchanged)
src/park.ts 9ms (unchanged)
src/phase.ts 10ms (unchanged)
src/preflight.ts 6ms (unchanged)
src/pull.ts 9ms (unchanged)
src/routing.ts 2ms (unchanged)
src/session-file.ts 3ms (unchanged)
src/shell.ts 7ms (unchanged)
src/state.ts 10ms (unchanged)
src/status.ts 25ms (unchanged)
src/sync.ts 7ms (unchanged)
tests/AREA.md 3ms (unchanged)
tests/close.test.ts 6ms (unchanged)
tests/command-reference.test.ts 5ms (unchanged)
tests/config.test.ts 10ms (unchanged)
tests/docs-links.test.ts 4ms (unchanged)
tests/fake-gh.ts 5ms (unchanged)
tests/fake-herdr.ts 7ms (unchanged)
tests/helpers.ts 4ms (unchanged)
tests/init.test.ts 11ms (unchanged)
tests/install.test.ts 9ms (unchanged)
tests/next.test.ts 152ms (unchanged)
tests/park.test.ts 7ms (unchanged)
tests/phase.test.ts 57ms (unchanged)
tests/preflight.test.ts 6ms (unchanged)
tests/pull.test.ts 14ms (unchanged)
tests/shell.test.ts 9ms (unchanged)
tests/state.test.ts 8ms (unchanged)
tests/status.test.ts 23ms (unchanged)
tests/sync.test.ts 15ms (unchanged)
