bun test v1.4.2 (744846f84)
--changed: 4 changed files, running 1/29 test files

tests/next.test.ts:
(pass) next rejects absolute file before dispatch or leaf mutation [83.91ms]
(pass) next rejects file symlink before dispatch or leaf mutation [87.06ms]
(pass) next rejects relative file before dispatch or leaf mutation [92.87ms]
(pass) next reports Herdr response context for {"result":{"panes":"invalid-panes"}} [163.73ms]
(pass) next reports Herdr response context for not-json-response [181.54ms]
(pass) failed leaves never notify on dispatch [352.58ms]
(pass) next dispatches an explicit worktree path [627.47ms]
(pass) next dispatches an explicit leaf folder [651.35ms]
(pass) next from an operator pane owning no leaf dispatches by cwd instead of returning silently [688.69ms]
(pass) one unreadable leaf blocks all capacity at max_active 1 [236.34ms]
plan-issue build slot=A phase=plan.synthesis leaf=/tmp/akrogon-1000/named-targets-039ad75663c4/akrogon-Z2fiRm/repo/issues/open/issue/build
(pass) a dependent still blocked by an unmerged leaf stays unallocated after its first blocker merges [863.33ms]
(pass) next waits on a blocked agent instead of counting attempts or flipping seats [1083.94ms]
(pass) next --all inside a checkout sweeps only that repo [751.72ms]
(pass) next refuses unmerged dependencies, respects capacity, and waits on unknown panes [1213.58ms]
(pass) next creates one worktree/tab under concurrent hooks, prompts configured A, ignores working events and resolves hook cwd [1346.25ms]
(pass) a closed tab hook from a merged leaf starts the dependent [1490.53ms]
(pass) next does not re-prompt a slot whose prompted session is still alive, and re-prompts a new session [1526.73ms]
(pass) machine-wide capacity includes another registered repo and folder selection respects it [882.05ms]
(pass) next re-prompts an idle seat whose prompt is older than the grace period and the phase never moved [1609.70ms]
(pass) completing a leaf via targeted starts only same-repo dependents [1561.70ms]
(pass) completing a leaf via tab_closed starts only same-repo dependents [1580.78ms]
(pass) completing a leaf via pane_hook starts only same-repo dependents [1634.95ms]
(pass) unknown panes wait, warn after an hour and keep busy observations [1847.69ms]
(pass) a merged leaf with its tab still open does not count toward max_active [1882.58ms]
(pass) next resumes interrupted tab creation, fails after three failing passes [2318.22ms]
(pass) delayed working and idle notifications from the prompted session never consume retries [1306.65ms]
(pass) unreadable state reserves its capacity and reports its path [1907.01ms]
(pass) global lock acquisition failure is fatal [97.42ms]
(pass) merged leaves do not reserve capacity for other waiting leaves [1822.22ms]
(pass) missing dependencies skip their leaf while readable unmet dependencies wait and siblings dispatch [917.55ms]
(pass) uncommitted work in a merge worktree is left to the merge seat [1531.82ms]
(pass) a worktree parked mid-rebase is still dispatched [1431.12ms]
(pass) merged phase closes tab on typed next and starts the dependent [2708.05ms]
(pass) exited hooks resolve persisted pane hints and preserve the surviving slot [1764.73ms]
(pass) foreign leaves summarize once per repo with count and paths [111.78ms]
(pass) missing registration is isolated during startup [1368.95ms]
(pass) agent names support identical repo-local slugs and long numeric-leading slugs [1493.26ms]
(pass) missing registration is isolated during hook [1379.80ms]
(pass) foreign slugs are missing for lookup and dispatch [183.78ms]
(pass) next awaits sourced completion after a failed rename before removing the worktree [1549.50ms]
(pass) a live merge retains its completion call after pushing, including a peer retry [1670.77ms]
(pass) missing registration is isolated during cwd [1535.24ms]
(pass) two repos summarize once per repo on every invocation [251.95ms]
(pass) changed worktree root reports recorded and expected worktrees without creating or prompting [274.18ms]
(pass) non-Error throws cross the scoped discovery boundary unchanged [117.49ms]
(pass) changed repo root reports recorded and expected worktrees without creating or prompting [294.01ms]
(pass) lock finalization failures and invalid hook events remain fatal [748.69ms]
(pass) duplicate leaf identity never dispatches an arbitrary leaf [674.80ms]
(pass) a selected leaf removed before its global lock is reported as skipped [113.10ms]
(pass) mismatch leaf identity never dispatches an arbitrary leaf [704.78ms]
(pass) next recovers only merge-phase work by ancestry against a non-default remote target [2387.30ms]
(pass) next selection and sweep report both repo keys without dispatching or changing the mismatched leaf [710.07ms]
(pass) explicit unreadable targets retain the original error without a missing-target stack [208.79ms]
(pass) unreadable leaves reserve capacity while foreign leaves summarize separately [653.56ms]
(pass) merged foreign leaves survive cleanup with worktree branch and tab intact [749.85ms]
(pass) dirty merged worktree cleanup drops the leftover and removes the worktree [1444.07ms]
(pass) bare next from inside the repo cleans up its merged leaves [1393.00ms]
(pass) bad YAML and invalid states reserve occupancy at capacity 4 [1935.61ms]
(pass) moving a repo with the same registered key supports status, phase and dispatch without a recorded worktree [754.58ms]
(pass) bad YAML and invalid states reserve occupancy at capacity 3 [2208.12ms]
(pass) foreign leaves do not consume capacity while healthy leaves in both repos dispatch [1273.13ms]
(pass) next prompts an idle agent with null session data [1044.35ms]
(pass) next prompts an idle agent with omitted session data [1040.81ms]
(pass) unknown directory population reserves all new capacity but allows existing tabs [1227.84ms]
(pass) agent start allows 30 seconds while prompt wait remains 5 seconds [598.28ms]
(pass) recorded seats stay authoritative with an extra pane first and neither missing allocation carries TMPDIR [1000.79ms]
(pass) blocked merge seat B prevents fetch and clean checks in a dirty worktree [1071.40ms]
(pass) allocation handles an interrupted tab [916.87ms]
(pass) a blocked non-merge seat does not stall a merge leaf [1154.35ms]
(pass) a stale prompt never re-prompts a busy or done seat, succeeds without failing, and three failing passes fail the leaf [4552.06ms]
(pass) recorded seats stay authoritative with an extra pane first and A missing allocation carries TMPDIR [1139.00ms]
(pass) recorded seats stay authoritative with an extra pane first and B missing allocation carries TMPDIR [1113.29ms]
(pass) allocation handles an empty tab [885.24ms]
{"repo":"repo","path":"/tmp/akrogon-1000/named-targets-039ad75663c4/akrogon-ISVyxe/repo/issues/open/invalid","error":"[\n  {\n    \"code\": \"custom\",\n    \"path\": [],\n    \"message\": \"Invalid leaf depth: /tmp/akrogon-1000/named-targets-039ad75663c4/akrogon-ISVyxe/repo/issues/open/invalid/state.yaml\"\n  }\n]"}
{"repo":"repo","path":"/tmp/akrogon-1000/named-targets-039ad75663c4/akrogon-KNtUsP/repo/issues/open","error":"[\n  {\n    \"code\": \"custom\",\n    \"path\": [],\n    \"message\": \"Invalid leaf depth: /tmp/akrogon-1000/named-targets-039ad75663c4/akrogon-KNtUsP/repo/issues/open/state.yaml\"\n  }\n]"}
(pass) recorded seats stay authoritative with an extra pane first and both missing allocation carries TMPDIR [1183.16ms]
{"repo":"repo","path":"/tmp/akrogon-1000/named-targets-039ad75663c4/akrogon-dnjGPj/repo/issues/open/epic/issue/extra/invalid","error":"[\n  {\n    \"code\": \"custom\",\n    \"path\": [],\n    \"message\": \"Invalid leaf depth: /tmp/akrogon-1000/named-targets-039ad75663c4/akrogon-dnjGPj/repo/issues/open/epic/issue/extra/invalid/state.yaml\"\n  }\n]"}
{"repo":"repo","path":"/tmp/akrogon-1000/named-targets-039ad75663c4/akrogon-ISVyxe/repo/issues/open/invalid","error":"[\n  {\n    \"code\": \"custom\",\n    \"path\": [],\n    \"message\": \"Invalid leaf depth: /tmp/akrogon-1000/named-targets-039ad75663c4/akrogon-ISVyxe/repo/issues/open/invalid/state.yaml\"\n  }\n]"}
(pass) explicit next rejects open/invalid before any flock [135.50ms]
{"repo":"repo","path":"/tmp/akrogon-1000/named-targets-039ad75663c4/akrogon-KNtUsP/repo/issues/open","error":"[\n  {\n    \"code\": \"custom\",\n    \"path\": [],\n    \"message\": \"Invalid leaf depth: /tmp/akrogon-1000/named-targets-039ad75663c4/akrogon-KNtUsP/repo/issues/open/state.yaml\"\n  }\n]"}
(pass) explicit next rejects open/ before any flock [144.60ms]
{"repo":"repo","path":"/tmp/akrogon-1000/named-targets-039ad75663c4/akrogon-L8sE4z/repo/issues/closed","error":"[\n  {\n    \"code\": \"custom\",\n    \"path\": [],\n    \"message\": \"Invalid leaf depth: /tmp/akrogon-1000/named-targets-039ad75663c4/akrogon-L8sE4z/repo/issues/closed/state.yaml\"\n  }\n]"}
{"repo":"repo","path":"/tmp/akrogon-1000/named-targets-039ad75663c4/akrogon-dnjGPj/repo/issues/open/epic/issue/extra/invalid","error":"[\n  {\n    \"code\": \"custom\",\n    \"path\": [],\n    \"message\": \"Invalid leaf depth: /tmp/akrogon-1000/named-targets-039ad75663c4/akrogon-dnjGPj/repo/issues/open/epic/issue/extra/invalid/state.yaml\"\n  }\n]"}
(pass) explicit next rejects open/epic/issue/extra/invalid before any flock [155.80ms]
(pass) startup retains a merged leaf's worktree and branch while closing its tab as an epic sibling stays unfinished (--resume) [903.37ms]
{"repo":"repo","path":"/tmp/akrogon-1000/named-targets-039ad75663c4/akrogon-Nu82PX/repo/issues/closed/invalid","error":"[\n  {\n    \"code\": \"custom\",\n    \"path\": [],\n    \"message\": \"Invalid leaf depth: /tmp/akrogon-1000/named-targets-039ad75663c4/akrogon-Nu82PX/repo/issues/closed/invalid/state.yaml\"\n  }\n]"}
{"repo":"repo","path":"/tmp/akrogon-1000/named-targets-039ad75663c4/akrogon-HDAz4L/repo/issues/closed/epic/issue/extra/invalid","error":"[\n  {\n    \"code\": \"custom\",\n    \"path\": [],\n    \"message\": \"Invalid leaf depth: /tmp/akrogon-1000/named-targets-039ad75663c4/akrogon-HDAz4L/repo/issues/closed/epic/issue/extra/invalid/state.yaml\"\n  }\n]"}
{"repo":"repo","path":"/tmp/akrogon-1000/named-targets-039ad75663c4/akrogon-L8sE4z/repo/issues/closed","error":"[\n  {\n    \"code\": \"custom\",\n    \"path\": [],\n    \"message\": \"Invalid leaf depth: /tmp/akrogon-1000/named-targets-039ad75663c4/akrogon-L8sE4z/repo/issues/closed/state.yaml\"\n  }\n]"}
(pass) explicit next rejects closed/ before any flock [168.40ms]
{"repo":"repo","path":"/tmp/akrogon-1000/named-targets-039ad75663c4/akrogon-HDAz4L/repo/issues/closed/epic/issue/extra/invalid","error":"[\n  {\n    \"code\": \"custom\",\n    \"path\": [],\n    \"message\": \"Invalid leaf depth: /tmp/akrogon-1000/named-targets-039ad75663c4/akrogon-HDAz4L/repo/issues/closed/epic/issue/extra/invalid/state.yaml\"\n  }\n]"}
(pass) explicit next rejects closed/epic/issue/extra/invalid before any flock [173.44ms]
{"repo":"repo","path":"/tmp/akrogon-1000/named-targets-039ad75663c4/akrogon-Nu82PX/repo/issues/closed/invalid","error":"[\n  {\n    \"code\": \"custom\",\n    \"path\": [],\n    \"message\": \"Invalid leaf depth: /tmp/akrogon-1000/named-targets-039ad75663c4/akrogon-Nu82PX/repo/issues/closed/invalid/state.yaml\"\n  }\n]"}
(pass) explicit next rejects closed/invalid before any flock [187.71ms]
(pass) a leaf tab survives the seat-B blocked hook [896.67ms]
error: Missing leaf: resting (parked)
error: Missing leaf: resting (parked)
(pass) allocation handles an recreated tab [1303.49ms]
(pass) startup retains a merged leaf's worktree and branch while closing its tab as an epic sibling stays unfinished (--all) [1083.31ms]
(pass) startup retries closure before cleanup and retains failed owners with their worktree and branch while the tab closes [1519.55ms]
(pass) a leaf tab survives the seat-B unknown hook [1027.70ms]
(pass) a leaf tab survives the seat-A idle hook [1154.53ms]
(pass) a leaf tab survives the seat-A exited hook [1146.78ms]
(pass) a seat-B idle hook closes the merged leaf tab while the worktree and branch stay [1242.04ms]
(pass) invalid merged depth stays excluded during . with healthy work [1033.59ms]
(pass) a leaf tab survives the unmerged idle hook [1494.93ms]
(pass) busy seats persist, warn strictly after an hour, retry delivery and clear independent episodes [5946.81ms]
(pass) invalid merged depth stays excluded during --all with healthy work [1233.26ms]
(pass) a merged leaf whose closure failed during phase merged closes its tab on the seat-B idle hook after moving [1620.22ms]
(pass) debate leaf without positions files refuses dispatch until positions exist [1248.34ms]
(pass) a merged leaf whose tab is already gone makes no tab close call and a driven tab_closed hook stays quiet [2082.20ms]
(pass) spaced repo root dispatches leaf= with the complete spaced authoritative folder [1374.45ms]
(pass) next --resume completes and cleans a merged leaf and starts its dependent [2243.25ms]
(pass) retryable prompt failure charges one attempt, records delivery_error, and sends one prompt [1128.76ms]
(pass) a failed leaf with a blocked pane is not seat-observed [1290.95ms]
(pass) invalid merged depth stays excluded during hook with healthy work [2050.94ms]
(pass) a pass that starts the agent then observes it not idle charges nothing [956.72ms]
(pass) next identifies dormant issue/resting without parsing and prefers active leaves [2039.56ms]
(pass) next identifies dormant epic/issue/resting without parsing and prefers active leaves [2063.98ms]
(pass) merge, check.fix, check.repair and post-repair review dispatch to their swapped seats [3587.18ms]
(pass) merge leaf with landed branch re-prompts its idle seat instead of auto-recovering [2140.12ms]
(pass) a failed leaf with its tab still open does not count toward max_active [1884.07ms]
(pass) timeout settlement ignores the same text before the offset [1297.25ms]
(pass) a failed leaf does not reserve capacity in the unreadable branch [1865.42ms]
(pass) timeout settlement records delivery when exact user text lands after the offset [1388.25ms]
(pass) timeout settlement ignores prompt text inside assistant and tool records [1145.86ms]
(pass) typed next from a leaf pane sweeps and removes merged worktrees [2335.90ms]
(pass) next refuses unknown harness override before allocation [112.04ms]
(pass) next refuses an ISSUE.md index with unparseable front matter before any allocation [109.15ms]
(pass) next refuses an ISSUE.md index with a seat other than a or b before any allocation [104.83ms]
(pass) next refuses an ISSUE.md index with a key other than slots before any allocation [118.59ms]
(pass) timeout settlement ignores a trailing partial line but keeps earlier records [1114.56ms]
(pass) next --resume re-prompts allocated idle leaves in every registered repo without allocating new work [3136.53ms]
(pass) next refuses an ISSUE.md index with a missing seat field before any allocation [113.89ms]
(pass) next refuses an ISSUE.md index with a blank seat value before any allocation [124.46ms]
(pass) next refuses an ISSUE.md index with a quoted seat value before any allocation [126.22ms]
(pass) timeout with a missing session file records a plain error without offset [935.95ms]
(pass) next refuses an ISSUE.md index whose harness has no template before any allocation [121.63ms]
(pass) timeout with an unresolvable id records a plain error without offset [921.10ms]
(pass) timeout settlement resolves id-kind references under HOME [965.91ms]
(pass) next refuses a new leaf with a missing base (C1) before worktree creation [124.31ms]
(pass) next refuses a new leaf with a missing base (C2) before worktree creation [137.52ms]
(pass) next refuses a leaf branch without a worktree when the remote branch is gone [107.03ms]
(pass) next refuses a new leaf with a missing base (C3) before worktree creation [124.33ms]
(pass) next refuses an existing worktree whose tracking ref is deleted while the remote branch lives [122.28ms]
(pass) a retryable agent start failure charges once without prompting, then recovers [979.69ms]
(pass) a successful prompt between failures resets attempts [1979.12ms]
(pass) next refuses an existing worktree whose tracking ref is deleted when the remote branch is gone [139.63ms]
(pass) next uses repo seat overrides for both seats with spaced model as one argv element [804.23ms]
(pass) next refuses to create a worktree while the remote is unreachable [131.37ms]
(pass) three consecutive prompt failures fail the leaf during the third pass [2159.88ms]
(pass) leaf temp path bounds stay short with mocked uid [97.03ms]
(pass) a successful prompt clears delivery_error and resets attempts [1030.51ms]
(pass) a record appended after a timeout is recognized by the next pass without resending [1384.21ms]
(pass) allocation carries TMPDIR refuses symlink override with no tab or split [270.44ms]
(pass) allocation carries TMPDIR refuses file override with no tab or split [274.19ms]
(pass) a non-retryable prompt code fails unreachable without throwing and siblings still dispatch [1260.94ms]
(pass) next inherits non-overridden seat from global slots [912.40ms]
(pass) non-JSON prompt stderr fails unreachable with exit code and trimmed message [1290.36ms]
(pass) malformed prompt error JSON fails unreachable with exit code [1270.82ms]
(pass) next resolves seats from EPIC.md front matter and falls back per seat [852.85ms]
(pass) next dispatches an existing worktree without querying an unreachable remote [609.76ms]
(pass) an invalid readiness.yaml skips the leaf and names the file path [205.69ms]
(pass) next branches a new worktree from the tracking commit, never a same-named local ref [690.49ms]
(pass) fresh allocation carries TMPDIR on create and B split with 0700 scratch [717.80ms]
(pass) next refuses an .env link over real file [268.25ms]
(pass) closed tab scratch deletes merged folder and prunes inner worktree [857.70ms]
(pass) closed tab scratch keeps failed folder and sentinel [893.34ms]
(pass) next --all leaves a gapped leaf undispatched while its ungapped sibling dispatches [874.04ms]
(pass) next refuses an .env link over tracked file [590.06ms]
(pass) next refuses an .env link over stale link [560.88ms]
(pass) a pre-linked worktree keeps its .env link unchanged across dispatch [933.97ms]
(pass) a dispatched worktree links .env to the registered checkout and reads appended lines [997.43ms]
(pass) next refuses a leaf whose declared file input is absent or empty [1151.80ms]
(pass) next refuses an .env link over unignored [593.31ms]
(pass) an input held by an unregistered absolute directory checks that directory .env [1106.84ms]
(pass) allocation carries TMPDIR corrects permissive owned dirs to 0700 [1434.31ms]
(pass) dispatch recreates missing scratch with same tab and seats [1570.38ms]
(pass) without a registered .env the worktree gets a dangling link and no target is created [1185.44ms]
(pass) sweep scratch catch-up keeps sentinel with live panes then deletes on later sweep [1621.91ms]
(pass) next refuses an env-gapped leaf in every missing .env state and dispatches when set [1562.20ms]
(pass) dispatch recreates a deleted .env link in a reused worktree [1521.01ms]
(pass) next prefers ISSUE.md seats over EPIC.md and applies a standalone issue block [2367.02ms]
(pass) blocked-report dep detail labels parked, missing, unreadable and skips merged [216.97ms]
(pass) new tab empties stale scratch, live tab keeps it, and seats disable the node compile cache [2227.64ms]
(pass) next refuses to link .env not ignored in the registered checkout, keeps the worktree, and reuses it after the ignore rule returns [1388.28ms]
(pass) blocked-report failed and merged share a folder without a merged line [260.20ms]
(pass) blocked-report input detail names gaps without values and defers to deps [356.17ms]
(pass) merged leaf cleanup removes the worktree and leaves the registered .env untouched [1674.47ms]
(pass) sweep scratch catch-up deletes open and closed folders with no live panes [3034.50ms]
(pass) blocked-report epic folder starts ready and reports dep, input, failed [1348.26ms]
(pass) fixture temp root isolates every TMPDIR and envs carry override [3112.99ms]
(pass) blocked-report dependent not picked when started by completion [268.96ms]
(pass) blocked-report same line by slug, leaf path, and epic path [1635.59ms]
(pass) only the earlier-stamped merge leaf is prompted while the waiting leaf keeps its tab and panes [3191.86ms]
(pass) blocked-report manual forms stay manual with pane and event set [2058.51ms]
(pass) a committed merge whose log append fails still wakes the next leaf [3312.30ms]
(pass) blocked-report no line for capacity waits [1555.35ms]
(pass) blocked-report automatic silence on hook, resume, and merge wake [2290.00ms]
(pass) an ineligible merge leaf never holds the turn (blocked-by) [3719.80ms]
(pass) ambiguous name refuses two same-name issues under different epics [276.15ms]
(pass) blocked-report manual forms bare, all inside, all outside match [2690.16ms]
(pass) ambiguous name refuses an issue and its same-name leaf [232.46ms]
(pass) ambiguous name refuses an epic and its same-name issue [335.52ms]
(pass) ambiguous name refuses an owner and an unrelated leaf [265.42ms]
(pass) unreadable leaf under a named issue reports its read error [176.79ms]
(pass) a saved holder failure wakes the stamped queue when the log is a directory [3730.60ms]
(pass) empty folder and unknown names give the missing-leaf message [463.07ms]
(pass) unstamped merge dispatch uses log order and refuses unreadable history [3953.76ms]
(pass) the seat merged holder exit wakes the next merge leaf without a manual next [4589.33ms]
(pass) the seat check.fix holder exit wakes the next merge leaf without a manual next [4663.88ms]
(pass) the operator merged holder exit wakes the next merge leaf without a manual next [4631.97ms]
(pass) the seat failed holder exit wakes the next merge leaf without a manual next [4785.84ms]
(pass) blocked-report real errors still report on automatic paths [3011.94ms]
(pass) existing folder shadows a same-named owner or leaf [1824.10ms]
(pass) a merge seat consumes only one failed delivery attempt per next pass [4868.88ms]
(pass) blocked-report no line for busy seats [3212.31ms]
(pass) blocked-report no line for merge turn waits [3763.71ms]
(pass) leaf slug selection keeps open and closed behavior [2728.34ms]
(pass) closed owner name does not block an open same-name owner [2327.87ms]
(pass) owners resolve without ISSUE.md or EPIC.md [2687.60ms]
(pass) the capped prompt failure holder exit wakes the next merge leaf without a manual next [6748.51ms]
(pass) an idle hook advances past a capped holder after visiting its waiter [6599.03ms]
(pass) a leaf re-entering merge queues behind the two leaves stamped earlier [7417.00ms]
(pass) named target equivalence: owner name matches folder path from root, subfolder and worktree [32349.26ms]

 210 pass
 0 fail
 1890 expect() calls
Ran 210 tests across 1 file. [44.58s]
