$ prettier --write src tests
src/akrogon.ts 40ms (unchanged)
src/config.ts 15ms (unchanged)
src/init.ts 6ms (unchanged)
src/install.ts 4ms (unchanged)
src/log.ts 2ms (unchanged)
src/next.ts 26ms
src/park.ts 6ms (unchanged)
src/phase.ts 8ms (unchanged)
src/pull.ts 9ms (unchanged)
src/routing.ts 2ms (unchanged)
src/shell.ts 4ms (unchanged)
src/state.ts 6ms (unchanged)
src/status.ts 10ms (unchanged)
src/sync.ts 1ms (unchanged)
tests/browser/docs-concepts.config.ts 1ms (unchanged)
tests/browser/docs-concepts.pw.ts 6ms (unchanged)
tests/browser/docs-operate.config.ts 1ms (unchanged)
tests/browser/docs-operate.pw.ts 6ms (unchanged)
tests/browser/docs-practice.config.ts 0ms (unchanged)
tests/browser/docs-practice.pw.ts 6ms (unchanged)
tests/browser/docs-shell.pw.ts 4ms (unchanged)
tests/browser/playwright.config.ts 1ms (unchanged)
tests/config.test.ts 2ms (unchanged)
tests/fake-gh.ts 4ms (unchanged)
tests/fake-herdr.ts 5ms (unchanged)
tests/helpers.ts 4ms (unchanged)
tests/init.test.ts 3ms (unchanged)
tests/install.test.ts 10ms (unchanged)
tests/next.test.ts 38ms
tests/park.test.ts 6ms (unchanged)
tests/phase.test.ts 20ms (unchanged)
tests/pull.test.ts 15ms (unchanged)
tests/status.test.ts 10ms (unchanged)
tests/sync.test.ts 1ms (unchanged)
