$ prettier --write src tests skills/chart-issues/scripts
src/akrogon.ts 47ms (unchanged)
src/AREA.md 18ms (unchanged)
src/attempts.ts 6ms (unchanged)
src/batch.ts 12ms (unchanged)
src/config.ts 26ms (unchanged)
src/hold.ts 6ms (unchanged)
src/init.ts 5ms (unchanged)
src/install.ts 5ms (unchanged)
src/log.ts 4ms (unchanged)
src/next.ts 83ms (unchanged)
src/park.ts 7ms (unchanged)
src/pause.ts 3ms (unchanged)
src/phase.ts 41ms (unchanged)
src/preflight.ts 4ms (unchanged)
src/pull.ts 9ms (unchanged)
src/readiness.ts 4ms (unchanged)
src/routing.ts 2ms (unchanged)
src/session-file.ts 3ms (unchanged)
src/shell.ts 8ms (unchanged)
src/state.ts 10ms (unchanged)
src/status.ts 24ms
src/sync.ts 6ms (unchanged)
src/test-files.ts 1ms (unchanged)
src/turn.ts 5ms (unchanged)
tests/AREA.md 3ms (unchanged)
tests/batch-dispatch.test.ts 45ms (unchanged)
tests/batch-merge.test.ts 43ms (unchanged)
tests/batch.test.ts 12ms (unchanged)
tests/chart-shapes.test.ts 3ms (unchanged)
tests/chart-usage.test.ts 14ms (unchanged)
tests/close.test.ts 4ms (unchanged)
tests/command-reference.test.ts 5ms (unchanged)
tests/config.test.ts 27ms (unchanged)
tests/dependents-first.test.ts 4ms (unchanged)
tests/direct-guards.test.ts 3ms (unchanged)
tests/docs-links.test.ts 4ms (unchanged)
tests/fake-gh.ts 3ms (unchanged)
tests/fake-herdr.ts 8ms (unchanged)
tests/fixtures/chart-usage/README.md 3ms (unchanged)
tests/harness-template.test.ts 2ms (unchanged)
tests/helpers.ts 4ms (unchanged)
tests/hold.test.ts 25ms (unchanged)
tests/init.test.ts 12ms (unchanged)
tests/install.test.ts 6ms (unchanged)
tests/merge-attempts.test.ts 12ms (unchanged)
tests/next.test.ts 214ms (unchanged)
tests/park.test.ts 7ms (unchanged)
tests/pause-next.test.ts 21ms (unchanged)
tests/pause-status.test.ts 7ms (unchanged)
tests/pause.test.ts 4ms (unchanged)
tests/peer-wait.test.ts 6ms (unchanged)
tests/phase.test.ts 66ms (unchanged)
tests/preflight.test.ts 4ms (unchanged)
tests/pull.test.ts 12ms (unchanged)
tests/readiness.test.ts 5ms (unchanged)
tests/shell.test.ts 6ms (unchanged)
tests/state.test.ts 7ms (unchanged)
tests/status.test.ts 33ms (unchanged)
tests/sync.test.ts 12ms (unchanged)
tests/test-files.test.ts 1ms (unchanged)
tests/watch-issues-scripts.test.ts 1ms (unchanged)
skills/chart-issues/scripts/chart-usage.ts 19ms (unchanged)
skills/chart-issues/scripts/direct-guards.ts 1ms (unchanged)
skills/chart-issues/scripts/peer-wait.ts 3ms (unchanged)
