$ prettier --write src tests skills/chart-issues/scripts
src/akrogon.ts 95ms (unchanged)
src/AREA.md 29ms (unchanged)
src/attempts.ts 11ms (unchanged)
src/batch.ts 17ms (unchanged)
src/config.ts 46ms (unchanged)
src/hold.ts 10ms (unchanged)
src/init.ts 7ms (unchanged)
src/install.ts 10ms (unchanged)
src/log.ts 5ms (unchanged)
src/next.ts 148ms (unchanged)
src/park.ts 17ms (unchanged)
src/pause.ts 7ms (unchanged)
src/phase.ts 63ms (unchanged)
src/preflight.ts 4ms (unchanged)
src/pull.ts 16ms (unchanged)
src/readiness.ts 15ms (unchanged)
src/routing.ts 10ms (unchanged)
src/session-file.ts 4ms (unchanged)
src/shell.ts 9ms (unchanged)
src/state.ts 9ms (unchanged)
src/status.ts 46ms
src/sync.ts 5ms (unchanged)
src/test-files.ts 4ms (unchanged)
src/turn.ts 6ms (unchanged)
tests/AREA.md 14ms (unchanged)
tests/batch-dispatch.test.ts 98ms (unchanged)
tests/batch-merge.test.ts 99ms (unchanged)
tests/batch.test.ts 28ms (unchanged)
tests/chart-shapes.test.ts 4ms (unchanged)
tests/chart-usage.test.ts 33ms (unchanged)
tests/close.test.ts 8ms (unchanged)
tests/command-reference.test.ts 5ms (unchanged)
tests/config.test.ts 64ms (unchanged)
tests/dependents-first.test.ts 4ms (unchanged)
tests/direct-guards.test.ts 3ms (unchanged)
tests/docs-links.test.ts 4ms (unchanged)
tests/fake-gh.ts 4ms (unchanged)
tests/fake-herdr.ts 36ms (unchanged)
tests/fixtures/chart-usage/README.md 6ms (unchanged)
tests/harness-template.test.ts 3ms (unchanged)
tests/helpers.ts 4ms (unchanged)
tests/hold.test.ts 45ms (unchanged)
tests/init.test.ts 26ms (unchanged)
tests/install.test.ts 6ms (unchanged)
tests/merge-attempts.test.ts 17ms (unchanged)
tests/next.test.ts 441ms (unchanged)
tests/park.test.ts 7ms (unchanged)
tests/pause-next.test.ts 33ms (unchanged)
tests/pause-status.test.ts 15ms (unchanged)
tests/pause.test.ts 11ms (unchanged)
tests/peer-wait.test.ts 6ms (unchanged)
tests/phase.test.ts 315ms (unchanged)
tests/preflight.test.ts 11ms (unchanged)
tests/pull.test.ts 20ms (unchanged)
tests/readiness.test.ts 17ms (unchanged)
tests/shell.test.ts 8ms (unchanged)
tests/state.test.ts 9ms (unchanged)
tests/status.test.ts 64ms (unchanged)
tests/sync.test.ts 27ms (unchanged)
tests/test-files.test.ts 2ms (unchanged)
tests/watch-issues-scripts.test.ts 1ms (unchanged)
skills/chart-issues/scripts/chart-usage.ts 59ms (unchanged)
skills/chart-issues/scripts/direct-guards.ts 2ms (unchanged)
skills/chart-issues/scripts/peer-wait.ts 3ms (unchanged)
