$ prettier --write src tests skills/chart-issues/scripts
src/akrogon.ts 51ms (unchanged)
src/AREA.md 22ms (unchanged)
src/batch.ts 17ms (unchanged)
src/config.ts 31ms (unchanged)
src/init.ts 9ms (unchanged)
src/install.ts 7ms (unchanged)
src/log.ts 4ms (unchanged)
src/next.ts 100ms (unchanged)
src/park.ts 8ms (unchanged)
src/pause.ts 5ms (unchanged)
src/phase.ts 57ms (unchanged)
src/preflight.ts 5ms (unchanged)
src/pull.ts 9ms (unchanged)
src/readiness.ts 5ms (unchanged)
src/routing.ts 3ms (unchanged)
src/session-file.ts 4ms (unchanged)
src/shell.ts 7ms (unchanged)
src/state.ts 14ms (unchanged)
src/status.ts 27ms
src/sync.ts 8ms (unchanged)
src/test-files.ts 2ms (unchanged)
src/turn.ts 5ms (unchanged)
tests/AREA.md 3ms (unchanged)
tests/batch-dispatch.test.ts 60ms (unchanged)
tests/batch-merge.test.ts 71ms (unchanged)
tests/batch.test.ts 18ms (unchanged)
tests/chart-shapes.test.ts 4ms (unchanged)
tests/chart-usage.test.ts 16ms (unchanged)
tests/close.test.ts 5ms (unchanged)
tests/command-reference.test.ts 5ms (unchanged)
tests/config.test.ts 31ms (unchanged)
tests/direct-guards.test.ts 5ms (unchanged)
tests/docs-links.test.ts 7ms (unchanged)
tests/fake-gh.ts 6ms (unchanged)
tests/fake-herdr.ts 13ms (unchanged)
tests/fixtures/chart-usage/README.md 3ms (unchanged)
tests/harness-template.test.ts 3ms (unchanged)
tests/helpers.ts 5ms (unchanged)
tests/init.test.ts 14ms (unchanged)
tests/install.test.ts 11ms (unchanged)
tests/next.test.ts 264ms (unchanged)
tests/park.test.ts 6ms (unchanged)
tests/pause-next.test.ts 26ms (unchanged)
tests/pause-status.test.ts 5ms (unchanged)
tests/pause.test.ts 4ms (unchanged)
tests/peer-wait.test.ts 6ms (unchanged)
tests/phase.test.ts 72ms (unchanged)
tests/preflight.test.ts 5ms (unchanged)
tests/pull.test.ts 14ms (unchanged)
tests/readiness.test.ts 5ms (unchanged)
tests/shell.test.ts 7ms (unchanged)
tests/state.test.ts 8ms (unchanged)
tests/status.test.ts 38ms (unchanged)
tests/sync.test.ts 12ms (unchanged)
tests/test-files.test.ts 1ms (unchanged)
tests/watch-issues-scripts.test.ts 1ms (unchanged)
skills/chart-issues/scripts/chart-usage.ts 20ms (unchanged)
skills/chart-issues/scripts/direct-guards.ts 1ms (unchanged)
skills/chart-issues/scripts/peer-wait.ts 4ms (unchanged)
