bun test v1.4.0 (34cbb9a40)
--changed: 6 changed files, running 2/10 test files

tests/next.test.ts:
plan-issue build slot=B phase=plan.synthesis
(pass) next creates one worktree/tab under concurrent hooks, prompts configured B, ignores working events and resolves hook cwd [561.63ms]
(pass) next does not re-prompt a slot whose prompted session is still alive, and re-prompts a new session [692.23ms]
(pass) next waits on a blocked agent instead of counting attempts or flipping seats [485.63ms]
(pass) next resumes interrupted tab creation, retries same slot twice then peer once and fails [692.87ms]
(pass) next notifies failed leaves without dispatch or state changes and exposes notification failures [145.63ms]
(pass) next refuses hand-built and dependencies, respects capacity, and sends unknown panes to idle peers [742.54ms]
(pass) a merged leaf with its tab still open does not count toward max_active [717.66ms]
(pass) a closed pane hook from a merged leaf whose tab is gone sweeps and starts the next leaf [704.57ms]
(pass) merged phase leaves tab intact, a hook starts the dependent and only the startup sweep closes it [887.60ms]
(pass) machine-wide capacity includes another registered repo and folder selection respects it [398.61ms]
(pass) next recovers only merge-phase work by ancestry against a non-default remote target [673.10ms]
(pass) exited hooks resolve persisted pane hints and preserve the surviving slot [717.68ms]
(pass) delayed working and idle notifications from the prompted session never consume retries [495.32ms]
(pass) uncommitted work in a merge worktree is never recovered as merged [392.15ms]
(pass) a worktree parked mid-rebase is still dispatched [516.16ms]
(pass) a live merge retains its completion call after pushing, including a peer retry [509.65ms]
(pass) agent names support identical repo-local slugs and long numeric-leading slugs [566.49ms]
(pass) next awaits sourced completion after a failed rename before removing the worktree [770.41ms]
(pass) missing registration is isolated during startup [511.16ms]
(pass) missing registration is isolated during hook [528.52ms]
(pass) missing registration is isolated during cwd [502.02ms]
(pass) missing dependencies skip their leaf while readable unmet dependencies wait and siblings dispatch [306.00ms]
(pass) bad YAML and invalid states reserve occupancy at capacity 3 [898.97ms]
(pass) bad YAML and invalid states reserve occupancy at capacity 4 [928.62ms]
(pass) dirty merged worktree cleanup reports the original git error and still sweeps [693.19ms]
(pass) global lock acquisition failure is fatal [42.36ms]
(pass) repo lock acquisition failure is fatal [43.34ms]
(pass) leaf lock acquisition failure is fatal [52.23ms]
(pass) lock finalization failures and invalid hook events remain fatal [345.17ms]
(pass) duplicate leaf identity never dispatches an arbitrary leaf [311.92ms]
(pass) mismatch leaf identity never dispatches an arbitrary leaf [303.23ms]
(pass) unknown directory population reserves all new capacity but allows existing tabs [592.74ms]
(pass) non-Error throws cross the scoped discovery boundary unchanged [38.40ms]
(pass) explicit unreadable targets retain the original error without a missing-target stack [115.33ms]
(pass) a selected leaf removed before its repo lock is reported as skipped [46.20ms]
(pass) recovery fetch deadline releases dispatch locks without transitioning [207.92ms]
(pass) startup retries closure before cleanup and retains failed owners with their worktree branch and tab [678.22ms]
(pass) startup retains completed issue resources while an epic sibling remains unfinished [445.82ms]

tests/phase.test.ts:
(pass) real same-slot and different-slot races record once and refuse stale moves unchanged [229.72ms]
(pass) review aggregates verdicts, rechecks only A, caps repairs and permits operator restart [344.05ms]
(pass) handoff to review refuses a dirty worktree and issue files on the branch, then passes [135.03ms]
(pass) completion reports each issue once, moves only finished containers, and refuses repeated merged [197.57ms]
(pass) failed log preserves committed state and failed container rename retries without replay [178.33ms]
(pass) asymmetric and empty leaf sources defer until epic completion under open locks [266.77ms]
(pass) source retries recheck state, skip CLOSED, and continue after final failures without moving [580.63ms]
(pass) sourced completion without worktree context fails before rename without a fabricated commit [49.75ms]
(pass) partial commented close success retries without duplicating a merged comment on a later page [190.03ms]
(pass) failed or malformed retry comment listing prevents another close and continues later sources [654.04ms]
(pass) each completed issue closes only its all-leaf private sources before the final epic closure [309.69ms]
(pass) standalone closure failure retries outstanding sources on next without replaying completion [350.63ms]
(pass) epic closure failure retries outstanding sources on next without replaying completion [351.14ms]
(pass) standalone completion closes the union of asymmetric leaf sources [165.64ms]

 52 pass
 0 fail
 423 expect() calls
Ran 52 tests across 2 files. [22.29s]
