bun test v1.4.0 (34cbb9a40)
--changed: 6 changed files, running 2/10 test files

tests/next.test.ts:
plan-issue build slot=B phase=plan.synthesis
(pass) next creates one worktree/tab under concurrent hooks, prompts configured B, ignores working events and resolves hook cwd [610.74ms]
(pass) next does not re-prompt a slot whose prompted session is still alive, and re-prompts a new session [730.14ms]
(pass) next waits on a blocked agent instead of counting attempts or flipping seats [495.27ms]
(pass) next resumes interrupted tab creation, retries same slot twice then peer once and fails [697.61ms]
(pass) failed delivery retries, deduplicates sweeps and resets after a phase transition [306.23ms]
(pass) busy seats persist, warn strictly after an hour, retry delivery and clear independent episodes [2442.92ms]
(pass) logical B fallback warns for physical A and unknown agents retain busy observations [849.97ms]
(pass) next refuses hand-built and dependencies, respects capacity, and sends unknown panes to idle peers [691.58ms]
(pass) a merged leaf with its tab still open does not count toward max_active [684.16ms]
(pass) a closed tab hook from a merged leaf sweeps and starts the next leaf [661.46ms]
(pass) merged phase leaves tab intact, a hook starts the dependent and only the startup sweep closes it [885.27ms]
(pass) machine-wide capacity includes another registered repo and folder selection respects it [379.79ms]
(pass) next recovers only merge-phase work by ancestry against a non-default remote target [672.07ms]
(pass) exited hooks resolve persisted pane hints and preserve the surviving slot [694.21ms]
(pass) delayed working and idle notifications from the prompted session never consume retries [497.86ms]
(pass) uncommitted work in a merge worktree is never recovered as merged [386.71ms]
(pass) a worktree parked mid-rebase is still dispatched [507.72ms]
(pass) a live merge retains its completion call after pushing, including a peer retry [559.81ms]
(pass) agent names support identical repo-local slugs and long numeric-leading slugs [534.23ms]
(pass) next awaits sourced completion after a failed rename before removing the worktree [756.06ms]
(pass) missing registration is isolated during startup [504.04ms]
(pass) missing registration is isolated during hook [547.78ms]
(pass) missing registration is isolated during cwd [507.02ms]
(pass) missing dependencies skip their leaf while readable unmet dependencies wait and siblings dispatch [288.59ms]
(pass) bad YAML and invalid states reserve occupancy at capacity 3 [858.79ms]
(pass) bad YAML and invalid states reserve occupancy at capacity 4 [872.80ms]
(pass) dirty merged worktree cleanup reports the original git error and still sweeps [616.81ms]
(pass) global lock acquisition failure is fatal [36.72ms]
(pass) repo lock acquisition failure is fatal [40.67ms]
(pass) leaf lock acquisition failure is fatal [45.77ms]
(pass) lock finalization failures and invalid hook events remain fatal [315.04ms]
(pass) duplicate leaf identity never dispatches an arbitrary leaf [288.68ms]
(pass) mismatch leaf identity never dispatches an arbitrary leaf [298.79ms]
(pass) unknown directory population reserves all new capacity but allows existing tabs [573.18ms]
(pass) non-Error throws cross the scoped discovery boundary unchanged [34.38ms]
(pass) explicit unreadable targets retain the original error without a missing-target stack [105.30ms]
(pass) a selected leaf removed before its repo lock is reported as skipped [41.75ms]
(pass) recovery fetch deadline releases dispatch locks without transitioning [204.46ms]
(pass) next prompts an idle agent with null session data [514.95ms]
(pass) next prompts an idle agent with omitted session data [504.70ms]
(pass) blocked merge seat A prevents fetch and clean checks in a dirty worktree [386.31ms]
(pass) blocked merge seat B prevents fetch and clean checks in a dirty worktree [376.21ms]
(pass) recorded seats stay authoritative with an extra pane first and neither missing [522.38ms]
(pass) recorded seats stay authoritative with an extra pane first and A missing [522.90ms]
(pass) recorded seats stay authoritative with an extra pane first and B missing [549.67ms]
(pass) recorded seats stay authoritative with an extra pane first and both missing [568.40ms]
(pass) allocation handles an interrupted tab [420.75ms]
(pass) allocation handles an empty tab [416.29ms]
(pass) allocation handles an recreated tab [589.04ms]
(pass) agent start allows 30 seconds while prompt wait remains 5 seconds [302.28ms]
(pass) startup retries closure before cleanup and retains failed owners with their worktree branch and tab [656.60ms]
(pass) startup retains completed issue resources while an epic sibling remains unfinished [417.97ms]

tests/phase.test.ts:
(pass) real same-slot and different-slot races record once and refuse stale moves unchanged [220.72ms]
(pass) review aggregates verdicts, rechecks only A, caps repairs and permits operator restart [318.91ms]
(pass) handoff to review refuses a dirty worktree and issue files on the branch, then passes [129.75ms]
(pass) completion reports each issue once, moves only finished containers, and refuses repeated merged [188.04ms]
(pass) failed log preserves committed state and failed container rename retries without replay [162.75ms]
(pass) asymmetric and empty leaf sources defer until epic completion under open locks [252.17ms]
(pass) source retries recheck state, skip CLOSED, and continue after final failures without moving [544.24ms]
(pass) sourced completion without worktree context fails before rename without a fabricated commit [48.50ms]
(pass) partial commented close success retries without duplicating a merged comment on a later page [187.78ms]
(pass) failed or malformed retry comment listing prevents another close and continues later sources [602.70ms]
(pass) each completed issue closes only its all-leaf private sources before the final epic closure [287.31ms]
(pass) standalone closure failure retries outstanding sources on next without replaying completion [316.12ms]
(pass) epic closure failure retries outstanding sources on next without replaying completion [333.20ms]
(pass) standalone completion closes the union of asymmetric leaf sources [158.01ms]

 66 pass
 0 fail
 567 expect() calls
Ran 66 tests across 2 files. [30.75s]
