bun test v1.4.0 (34cbb9a40)
--changed: 6 changed files, running 2/10 test files

tests/next.test.ts:
plan-issue build slot=B phase=plan.synthesis
(pass) next creates one worktree/tab under concurrent hooks, prompts configured B, ignores working events and resolves hook cwd [577.64ms]
(pass) next does not re-prompt a slot whose prompted session is still alive, and re-prompts a new session [695.94ms]
(pass) next waits on a blocked agent instead of counting attempts or flipping seats [471.09ms]
(pass) next resumes interrupted tab creation, retries same slot twice then peer once and fails [688.77ms]
(pass) next notifies failed leaves without dispatch or state changes and exposes notification failures [136.53ms]
(pass) next refuses hand-built and dependencies, respects capacity, and sends unknown panes to idle peers [682.77ms]
(pass) a merged leaf with its tab still open does not count toward max_active [699.04ms]
(pass) a closed tab hook from a merged leaf sweeps and starts the next leaf [661.80ms]
(pass) merged phase leaves tab intact, a hook starts the dependent and only the startup sweep closes it [884.21ms]
(pass) machine-wide capacity includes another registered repo and folder selection respects it [394.34ms]
(pass) next recovers only merge-phase work by ancestry against a non-default remote target [688.13ms]
(pass) exited hooks resolve persisted pane hints and preserve the surviving slot [717.67ms]
(pass) delayed working and idle notifications from the prompted session never consume retries [483.43ms]
(pass) uncommitted work in a merge worktree is never recovered as merged [387.89ms]
(pass) a worktree parked mid-rebase is still dispatched [522.75ms]
(pass) a live merge retains its completion call after pushing, including a peer retry [506.39ms]
(pass) agent names support identical repo-local slugs and long numeric-leading slugs [559.57ms]
(pass) next awaits sourced completion after a failed rename before removing the worktree [745.85ms]
(pass) missing registration is isolated during startup [487.42ms]
(pass) missing registration is isolated during hook [526.34ms]
(pass) missing registration is isolated during cwd [475.44ms]
(pass) missing dependencies skip their leaf while readable unmet dependencies wait and siblings dispatch [294.59ms]
(pass) bad YAML and invalid states reserve occupancy at capacity 3 [840.55ms]
(pass) bad YAML and invalid states reserve occupancy at capacity 4 [863.89ms]
(pass) dirty merged worktree cleanup reports the original git error and still sweeps [639.21ms]
(pass) global lock acquisition failure is fatal [37.69ms]
(pass) repo lock acquisition failure is fatal [40.13ms]
(pass) leaf lock acquisition failure is fatal [45.39ms]
(pass) lock finalization failures and invalid hook events remain fatal [318.31ms]
(pass) duplicate leaf identity never dispatches an arbitrary leaf [288.21ms]
(pass) mismatch leaf identity never dispatches an arbitrary leaf [279.17ms]
(pass) unknown directory population reserves all new capacity but allows existing tabs [557.79ms]
(pass) non-Error throws cross the scoped discovery boundary unchanged [36.74ms]
(pass) explicit unreadable targets retain the original error without a missing-target stack [109.25ms]
(pass) a selected leaf removed before its repo lock is reported as skipped [42.28ms]
(pass) recovery fetch deadline releases dispatch locks without transitioning [202.94ms]
(pass) next prompts an idle agent with null session data [489.17ms]
(pass) next prompts an idle agent with omitted session data [495.23ms]
(pass) blocked merge seat A prevents fetch and clean checks in a dirty worktree [361.92ms]
(pass) blocked merge seat B prevents fetch and clean checks in a dirty worktree [370.81ms]
(pass) recorded seats stay authoritative with an extra pane first and neither missing [495.33ms]
(pass) recorded seats stay authoritative with an extra pane first and A missing [524.01ms]
(pass) recorded seats stay authoritative with an extra pane first and B missing [541.62ms]
(pass) recorded seats stay authoritative with an extra pane first and both missing [580.12ms]
(pass) allocation handles an interrupted tab [434.18ms]
(pass) allocation handles an empty tab [408.70ms]
(pass) allocation handles an recreated tab [569.76ms]
(pass) agent start allows 30 seconds while prompt wait remains 5 seconds [306.26ms]
(pass) startup retries closure before cleanup and retains failed owners with their worktree branch and tab [646.52ms]
(pass) startup retains completed issue resources while an epic sibling remains unfinished [407.34ms]

tests/phase.test.ts:
(pass) real same-slot and different-slot races record once and refuse stale moves unchanged [204.62ms]
(pass) review aggregates verdicts, rechecks only A, caps repairs and permits operator restart [301.53ms]
(pass) handoff to review refuses a dirty worktree and issue files on the branch, then passes [130.33ms]
(pass) completion reports each issue once, moves only finished containers, and refuses repeated merged [176.93ms]
(pass) failed log preserves committed state and failed container rename retries without replay [161.32ms]
(pass) asymmetric and empty leaf sources defer until epic completion under open locks [251.12ms]
(pass) source retries recheck state, skip CLOSED, and continue after final failures without moving [557.96ms]
(pass) sourced completion without worktree context fails before rename without a fabricated commit [42.82ms]
(pass) partial commented close success retries without duplicating a merged comment on a later page [175.26ms]
(pass) failed or malformed retry comment listing prevents another close and continues later sources [615.02ms]
(pass) each completed issue closes only its all-leaf private sources before the final epic closure [319.74ms]
(pass) standalone closure failure retries outstanding sources on next without replaying completion [343.43ms]
(pass) epic closure failure retries outstanding sources on next without replaying completion [346.57ms]
(pass) standalone completion closes the union of asymmetric leaf sources [157.25ms]

 64 pass
 0 fail
 509 expect() calls
Ran 64 tests across 2 files. [27.03s]
