$ prettier --write src tests
src/akrogon.ts 29ms (unchanged)
src/config.ts 16ms (unchanged)
src/init.ts 7ms (unchanged)
src/install.ts 4ms (unchanged)
src/log.ts 2ms (unchanged)
src/next.ts 30ms (unchanged)
src/park.ts 6ms (unchanged)
src/phase.ts 9ms (unchanged)
src/pull.ts 8ms (unchanged)
src/routing.ts 2ms (unchanged)
src/shell.ts 5ms (unchanged)
src/state.ts 6ms (unchanged)
src/status.ts 11ms (unchanged)
src/sync.ts 5ms (unchanged)
tests/browser/docs-concepts.config.ts 1ms (unchanged)
tests/browser/docs-concepts.pw.ts 5ms (unchanged)
tests/browser/docs-operate.config.ts 1ms (unchanged)
tests/browser/docs-operate.pw.ts 6ms (unchanged)
tests/browser/docs-practice.config.ts 0ms (unchanged)
tests/browser/docs-practice.pw.ts 6ms (unchanged)
tests/browser/docs-shell.pw.ts 4ms (unchanged)
tests/browser/playwright.config.ts 1ms (unchanged)
tests/config.test.ts 2ms (unchanged)
tests/fake-gh.ts 4ms (unchanged)
tests/fake-herdr.ts 6ms (unchanged)
tests/fetch-deadline-harness.ts 6ms (unchanged)
tests/helpers.ts 3ms (unchanged)
tests/init.test.ts 3ms (unchanged)
tests/install.test.ts 8ms (unchanged)
tests/next.test.ts 56ms (unchanged)
tests/park.test.ts 7ms (unchanged)
tests/phase.test.ts 23ms (unchanged)
tests/pull.test.ts 12ms (unchanged)
tests/shell.test.ts 3ms (unchanged)
tests/status.test.ts 12ms (unchanged)
tests/sync.test.ts 12ms (unchanged)
