bun test v1.4.2 (744846f84)
--changed: 18 changed files, running 8/34 test files

tests/batch-merge.test.ts:
(pass) restack preserves a retirement when an unrelated member predates the lesson [451.81ms]
(pass) a green batch checks once, pushes once, moves members before the holder and closes the issue [186.85ms]
(pass) a member leaving merge before merged refuses the push and dissolves the batch [292.92ms]
(pass) a stale or missing attempt is refused, changes nothing, and the current attempt still lands [353.54ms]
(pass) a refused push restacks onto the new remote, prints rerun and the rerun pushes the new top [322.96ms]
(pass) a red check.fix halves the batch until the holder alone moves to check.fix [496.96ms]
(pass) the batch prints issue complete once for a standalone issue and no epic complete for an unfinished epic [164.22ms]
(pass) merged --check refuses a member test change without a citation, naming the file [108.63ms]
(pass) a solo record checks and pushes the worktree HEAD [132.70ms]
(pass) an operator merged without --slot skips the attempt and tested_top gates but still pushes the batch [114.14ms]
(pass) check.fix on a memberless record moves the holder to check.fix [74.59ms]
(pass) operator completion refuses a holder commit outside the applied stack [84.67ms]
(pass) a member failing during restack is not reset by the locked apply [236.77ms]
(pass) a dissolved batch restores the holder to its own range and the solo push carries no member commits [386.09ms]
(pass) a member conflict during restack drops the member and keeps its commits out of the rebuilt stack [208.60ms]
(pass) a dirty member worktree keeps its files and branch at head when the batch dissolves [179.46ms]
(pass) a carried package installs on the batch top and the restored member resolves its own lockfile [261.69ms]
(pass) a solo restack conflict preserves commits made during the solo pass [137.41ms]
(pass) late holder dirt during restack is isolated [198.25ms]
(pass) late member dirt during restack is isolated [216.06ms]
(pass) a record-only advance reuses the green run: prints reuse, keeps the tested pair and pushes the restacked top [341.56ms]
(pass) a code advance forces a rerun: the seat rechecks and the restacked top lands [296.70ms]
(pass) a main commit matching part of a member change fails the main-side equality and reruns [174.14ms]
(pass) a change to issues/config.yaml on main forces a rerun [178.81ms]
(pass) a restack conflict under learnings/history forces rerun and pushes nothing until a green rerun [379.31ms]
(pass) a second refusal after reuse still compares against the original tested pair [332.20ms]
(pass) a dirty holder during restack records rerun and preserves the operator edit [176.61ms]
(pass) the reuse decision is identical when the command runs from a subdirectory [174.82ms]

tests/culprit.test.ts:
(pass) a member culprit ejects to check.fix and the next batch carries only the survivors [1082.91ms]
(pass) a culprit at the fix-rounds cap ends failed with the shared attempts outcome [166.37ms]
(pass) a holder culprit ejects itself and the members stay in merge at saved heads [135.57ms]
(pass) refused --culprit calls exit nonzero, name the reason and change nothing [479.92ms]
(pass) --culprit on a merge leaf without a batch record is refused [48.22ms]

tests/hold.test.ts:
(pass) a batch --red-on-base holds the repo: heads restored, record cleared, held line and one notification [161.54ms]
(pass) a solo --red-on-base holds the repo with members [] [117.44ms]
(pass) refused --red-on-base calls exit nonzero, name the reason and change nothing [262.77ms]
(pass) --red-on-base on a merge leaf without a batch record is refused [49.52ms]
(pass) --red-on-base requires slot B even with a missing or stale attempt [139.23ms]
(pass) unhold clears the hold from root, a subfolder and a leaf worktree; absent hold fails naming the repo [408.30ms]
(pass) a notification failure still leaves the hold, attempt line and state committed [116.74ms]
(pass) a hold at the fetched sha blocks next: held line, no batch record, no mutating herdr calls [64.71ms]
(pass) a hold survives a main advance confined to record folders [74.65ms]
(pass) a main advance outside record folders clears the hold and starts a normal attempt [341.46ms]
(pass) unhold then next starts a normal attempt [361.73ms]
(pass) overlapping next calls preserve a newer red-on-base hold [511.29ms]
(pass) hold-fix names a queued merge leaf: next builds its stack attempt while the queue head stays idle [370.12ms]
(pass) changing the named fix preserves the active batch holder and its authorization [1004.08ms]
(pass) the fix leaf is authorized to merge while the queue head is refused, then order returns [1053.66ms]
(pass) hold-fix refusals change nothing: no hold, missing leaf, leaf outside the merge queue [118.28ms]
(pass) unhold mid-attempt still lets the batch record authorize the fix merge [757.78ms]
(pass) status surfaces the fix name on the board and the targeted held line [155.36ms]

tests/phase.test.ts:
(pass) valid phase transition rejects a mismatched repo key without changing state or history [91.18ms]
(pass) phase implement fails with Missing worktree when the recorded folder is gone [99.27ms]
(pass) sourced completion without worktree context fails before rename without a fabricated commit [109.83ms]
(pass) failed log diagnostics report committed state without replay [158.33ms]
(pass) invalid sources and empty worktree fail at load without state, log or gh changes [178.77ms]
(pass) empty branch refuses review naming target [97.33ms]
(pass) failed exits by command reset attempts and keep fix_rounds [156.11ms]
(pass) a failed move logs the state failure object while a moved record omits failure and prints in status [266.66ms]
(pass) standalone completion closes the union of asymmetric leaf sources [267.52ms]
(pass) failed log preserves committed state and failed container rename retries without replay [281.86ms]
(pass) planning synthesis with empty branch moves to implement [110.40ms]
(pass) partial commented close success retries without duplicating a merged comment on a later page [306.04ms]
(pass) handoff to review refuses a dirty worktree at every move and issue files on the branch, then passes [315.85ms]
(pass) planning move refuses issue files on branch naming leaf path, then records when clean [157.78ms]
(pass) real same-slot and different-slot races record once and refuse stale moves unchanged [353.84ms]
(pass) stop from implement on dirty worktree records blocked failure and clears busy fields [163.40ms]
(pass) merge to merged clears busy fields [97.02ms]
(pass) fix cap records attempts failure [127.53ms]
(pass) completion leaves a chart holding a same-slug draft in place and keeps the inventory readable [421.33ms]
(pass) blocked restart skips clean check and removes failure while attempts restart refuses dirty [172.44ms]
(pass) check.repair hands B to merge uncounted and failed recovers to check.repair [387.68ms]
(pass) failed move logs persisted delivery after failNotification [169.30ms]
(pass) failed restart refuses issue files on branch but allows move without worktree [181.48ms]
(pass) failed move logs persisted delivery after failRename [182.40ms]
(pass) rename on a missing tab warns once and continues (stale-resume clean) [130.38ms]
(pass) asymmetric and empty leaf sources defer until epic completion under open locks [510.32ms]
(pass) epic closure failure retries outstanding sources on next without replaying completion [514.55ms]
(pass) standalone closure failure retries outstanding sources on next without replaying completion [522.80ms]
(pass) phase move clears delivery_error [96.93ms]
(pass) rename failure other than tab_not_found keeps existing handling [115.40ms]
(pass) rename on a missing tab warns once and continues (stale-fail clean) [161.51ms]
(pass) plan.synthesis refuses a --slot B move without changing state or log [79.24ms]
(pass) implement refuses a --slot B move without changing state or log [83.08ms]
(pass) check.fix refuses a --slot B move without changing state or log [88.31ms]
(pass) check.review refuses a --slot A move without changing state or log [81.81ms]
(pass) merge refuses a --slot A move without changing state or log [87.22ms]
(pass) rename on a missing tab warns once and continues (stale-fail notification error) [170.19ms]
(pass) check.repair refuses a --slot A move without changing state or log [79.43ms]
(pass) each completed issue closes only its all-leaf private sources before the final epic closure [611.82ms]
(pass) in-flight seat move after stop stays failed [193.52ms]
(pass) merge turn refusal fires before worktree guards on a missing worktree [146.64ms]
(pass) deleted and typechanged old test files need one trailer each naming the file [201.48ms]
(pass) modified old test files need a Test-Change trailer on every guarded move [208.26ms]
(pass) failed routing and reason misuse are guarded [488.30ms]
(pass) stops land in failed immediately without phase advance and validate slots [549.02ms]
(pass) merged --check refuses a solo record whose rebased head contains a retired lesson line [197.20ms]
(pass) a trailer naming a different path does not cite and the old path of a rename is the citation [279.53ms]
(pass) added-only test files and non-test diffs move without a trailer, and recovery re-runs the guard [266.86ms]
(pass) failed leaf with explicit slot is refused without effect [306.47ms]
(pass) source retries recheck state, skip CLOSED, and continue after final failures without moving [830.84ms]
(pass) merged --check refuses an applied stack whose top still contains a retired lesson line [242.15ms]
(pass) review fix routes to check.repair, B hands to A, rechecks only B, caps handoffs and permits operator restart [865.03ms]
(pass) an earlier merge_stamp takes the turn over slug order [299.67ms]
(pass) phase --check runs the move guards without recording, moving or closing the owner [342.63ms]
(pass) completion prints only when the owner finishes, stays silent on inner issues and retries [924.77ms]
(pass) failed or malformed retry comment listing prevents another close and continues later sources [927.23ms]
(pass) moving into merge writes merge_stamp and re-entering refreshes it [360.78ms]
(pass) failed announce renames tabs, tolerates missing tabs, and retries herdr calls [773.04ms]
(pass) merge turn refusal names the holder for merged and check.fix while failed is never refused [730.92ms]

tests/batch.test.ts:
(pass) stateSchema accepts a state with a batch record carrying solo and excluded [0.18ms]
(pass) readState drops a legacy solo key left in state.yaml [12.56ms]
(pass) stateSchema rejects unknown or missing-required batch fields [1.10ms]
(pass) attemptId returns unique nonempty strings [0.09ms]
(pass) buildStack re-removes a retired lesson line the union merge resurrects [67.99ms]
(pass) buildStack keeps a same-stem lesson main added while the retiring member was in flight [75.37ms]
(pass) buildStack adds no fixup commit when no retired lesson is resurrected [65.03ms]
(pass) buildStack rebases member ranges in order then the holder range [65.66ms]
(pass) empty member and holder ranges produce their heads without a rebase [67.32ms]
(pass) a member conflict reports the slug and leaves no live branch changed [47.90ms]
(pass) a holder conflict reports the holder and leaves member branches unchanged [50.64ms]
(pass) applyStack resets worktrees and bare branches, restoreMembers reverts both [76.80ms]
(pass) isAncestor returns the merge-base verdict and throws on other codes [34.72ms]
(pass) batchMemberSlugs returns member slugs across every leaf carrying a batch record [24.19ms]

tests/lessons.test.ts:
(pass) re-removal keeps a new main lesson line whose stem is a superstring of the retired one [53.41ms]
(pass) retiredLessonsPresent flags a half-retired lesson while removal leaves it alone [55.18ms]
(pass) re-removal keeps a same-stem lesson line main added while the retiring leaf was in flight [56.53ms]
(pass) solo cleanup command retires a union-resurrected lesson in a consumer repository [87.55ms]

tests/batch-dispatch.test.ts:
(pass) holder-seat commits survive the check.fix handoff [1305.84ms]
(pass) a failed published holder receives one recovery notice across repeated passes [1369.19ms]
(pass) a failed holder with a landed candidate is told to move back, then reconciles without run or push [1398.66ms]
(pass) a merged holder keeps the record while a member is still in merge, then finishes it [1621.72ms]
moved merged
issue complete member-issue
(pass) a dirty holder worktree drops the batch to solo and restores carried members [1740.64ms]
(pass) an interrupted build restores drifted members and rebuilds under a new attempt [1753.63ms]
(pass) the holder gets a batch record, members are applied, and only the holder is prompted [1760.78ms]
(pass) a dirty member worktree is dropped from the apply unmarked and keeps its uncommitted files [1756.18ms]
(pass) a fetch failure keeps the record, restores nothing and reports the error [1827.13ms]
(pass) a leaf leaving merge and returning joins the next holder batch [1835.00ms]
(pass) cleanup retains a closed carried worktree while publication recovery is blocked [1890.89ms]
(pass) the default batch_limit caps carried members at three [2234.27ms]
(pass) holder-seat commits survive the failed handoff [1268.23ms]
(pass) a failed holder keeps carried members, and the move-back clears the record and member tabs [2735.79ms]
(pass) a green batch clears the record and closes member tabs once the holder lands [2857.64ms]
(pass) a memberless applied holder retains its checked integration head on red [1148.27ms]
(pass) a conflicted member is excluded from the attempt and eligible for the next batch [3085.31ms]
(pass) a leaf entering merge after the record was written is excluded and becomes the next holder [3153.65ms]
(pass) an edit arriving after the move status read survives the Git reset [1589.60ms]
(pass) a red-batch member carries a later waiter when it next holds the turn [3221.98ms]
(pass) late holder dirt during initial apply is isolated and survives cleanup [1914.28ms]
(pass) a member conflict excludes it from the attempt, rewrites the record without it and leaves its branch untouched [3500.34ms]
(pass) a landed batch moves member and holder once, closes member tabs with the record, and wakes dependents [3543.11ms]
(pass) late member dirt during initial apply is isolated and survives cleanup [2342.28ms]
(pass) batch_limit and a holder split limit cap carried members [5133.93ms]

tests/merge-attempts.test.ts:
(pass) a green batch appends one merged attempt line and log.jsonl keeps its move-line shape [175.92ms]
(pass) a landed candidate reconciles to exactly one merged attempt line [192.52ms]
(pass) a solo check.fix appends exactly one red attempt line [119.43ms]
(pass) a batch check.fix appends exactly one split attempt line [338.30ms]
(pass) a refused push restacked to reuse appends exactly one reuse line at the landing push [368.88ms]
(pass) an unlanded candidate discards to exactly one red attempt line [409.30ms]
(pass) a failed unlanded holder records one red attempt before recovery discards its batch [1033.17ms]
(pass) stale-attempt and non-holder phase calls write no attempt line [226.42ms]
(pass) a merged line carries PSI stall deltas from batch creation [290.56ms]
(pass) a restacked reuse line carries PSI stall deltas from batch creation [461.17ms]
(pass) a solo red line carries PSI stall deltas from batch creation [103.74ms]
(pass) a split line carries PSI stall deltas from batch creation [153.00ms]
(pass) a held line carries PSI stall deltas from batch creation [192.65ms]
(pass) an ejected line carries PSI stall deltas from batch creation [166.96ms]
(pass) a reconciled merged line carries PSI stall deltas from batch creation [178.76ms]
(pass) a merged line without pressure_start keeps no pressure key even with a malformed dir [227.31ms]
(pass) a merged line with an absent pressure dir keeps no pressure key [205.81ms]
(pass) a merged line with a changed boot id keeps no pressure key [187.56ms]
(pass) a malformed pressure file stops the ending call before any push or state change [97.48ms]
(pass) a malformed pressure file stops batch creation before any batch or line exists [55.37ms]
(pass) a decimal pressure total stops the ending call before any push or state change [148.10ms]
(pass) a decimal pressure total stops batch creation before any batch or line exists [54.47ms]
(pass) a created batch preserves PSI counters through rerun then reuse [462.80ms]

 176 pass
 0 fail
 1786 expect() calls
Ran 176 tests across 8 files. [27.66s]
