$ prettier --write src tests skills/chart-issues/scripts
src/akrogon.ts 79ms (unchanged)
src/AREA.md 28ms (unchanged)
src/attempts.ts 6ms (unchanged)
src/batch.ts 16ms (unchanged)
src/config.ts 42ms (unchanged)
src/hold.ts 5ms (unchanged)
src/init.ts 12ms (unchanged)
src/install.ts 4ms (unchanged)
src/log.ts 14ms (unchanged)
src/next.ts 148ms (unchanged)
src/park.ts 15ms (unchanged)
src/pause.ts 4ms (unchanged)
src/phase.ts 76ms (unchanged)
src/preflight.ts 4ms (unchanged)
src/pull.ts 16ms (unchanged)
src/readiness.ts 10ms (unchanged)
src/routing.ts 2ms (unchanged)
src/session-file.ts 3ms (unchanged)
src/shell.ts 8ms (unchanged)
src/state.ts 21ms (unchanged)
src/status.ts 36ms
src/sync.ts 13ms (unchanged)
src/test-files.ts 1ms (unchanged)
src/turn.ts 6ms (unchanged)
tests/AREA.md 3ms (unchanged)
tests/batch-dispatch.test.ts 80ms (unchanged)
tests/batch-merge.test.ts 71ms (unchanged)
tests/batch.test.ts 18ms (unchanged)
tests/chart-shapes.test.ts 3ms (unchanged)
tests/chart-usage.test.ts 43ms (unchanged)
tests/close.test.ts 5ms (unchanged)
tests/command-reference.test.ts 15ms (unchanged)
tests/config.test.ts 37ms (unchanged)
tests/culprit.test.ts 12ms (unchanged)
tests/dependents-first.test.ts 4ms (unchanged)
tests/direct-guards.test.ts 3ms (unchanged)
tests/docs-links.test.ts 5ms (unchanged)
tests/fake-gh.ts 4ms (unchanged)
tests/fake-herdr.ts 9ms (unchanged)
tests/fixtures/chart-usage/README.md 3ms (unchanged)
tests/harness-template.test.ts 2ms (unchanged)
tests/helpers.ts 4ms (unchanged)
tests/hold.test.ts 20ms (unchanged)
tests/init.test.ts 9ms (unchanged)
tests/install.test.ts 7ms (unchanged)
tests/merge-attempts.test.ts 10ms (unchanged)
tests/next.test.ts 225ms (unchanged)
tests/park.test.ts 11ms (unchanged)
tests/pause-next.test.ts 20ms (unchanged)
tests/pause-status.test.ts 7ms (unchanged)
tests/pause.test.ts 3ms (unchanged)
tests/peer-wait.test.ts 6ms (unchanged)
tests/phase.test.ts 102ms (unchanged)
tests/preflight.test.ts 8ms (unchanged)
tests/pull.test.ts 29ms (unchanged)
tests/readiness.test.ts 8ms (unchanged)
tests/shell.test.ts 8ms (unchanged)
tests/state.test.ts 7ms (unchanged)
tests/status.test.ts 43ms (unchanged)
tests/sync.test.ts 12ms (unchanged)
tests/test-files.test.ts 1ms (unchanged)
tests/watch-issues-scripts.test.ts 1ms (unchanged)
skills/chart-issues/scripts/chart-usage.ts 24ms (unchanged)
skills/chart-issues/scripts/direct-guards.ts 2ms (unchanged)
skills/chart-issues/scripts/peer-wait.ts 3ms (unchanged)
