$ prettier --write src tests skills/chart-issues/scripts
src/akrogon.ts 101ms (unchanged)
src/AREA.md 34ms (unchanged)
src/attempts.ts 11ms (unchanged)
src/batch.ts 25ms (unchanged)
src/config.ts 58ms (unchanged)
src/hold.ts 13ms (unchanged)
src/init.ts 11ms (unchanged)
src/install.ts 10ms (unchanged)
src/log.ts 14ms (unchanged)
src/next.ts 181ms (unchanged)
src/park.ts 15ms (unchanged)
src/pause.ts 6ms (unchanged)
src/phase.ts 86ms (unchanged)
src/preflight.ts 9ms (unchanged)
src/pull.ts 16ms (unchanged)
src/readiness.ts 7ms (unchanged)
src/routing.ts 4ms (unchanged)
src/session-file.ts 5ms (unchanged)
src/shell.ts 13ms (unchanged)
src/state.ts 23ms (unchanged)
src/status.ts 48ms
src/sync.ts 11ms (unchanged)
src/test-files.ts 3ms (unchanged)
src/turn.ts 9ms (unchanged)
tests/AREA.md 4ms (unchanged)
tests/batch-dispatch.test.ts 92ms (unchanged)
tests/batch-merge.test.ts 74ms (unchanged)
tests/batch.test.ts 20ms (unchanged)
tests/chart-shapes.test.ts 5ms (unchanged)
tests/chart-usage.test.ts 39ms (unchanged)
tests/close.test.ts 7ms (unchanged)
tests/command-reference.test.ts 8ms (unchanged)
tests/config.test.ts 65ms (unchanged)
tests/culprit.test.ts 24ms (unchanged)
tests/dependents-first.test.ts 6ms (unchanged)
tests/direct-guards.test.ts 4ms (unchanged)
tests/docs-links.test.ts 7ms (unchanged)
tests/fake-gh.ts 5ms (unchanged)
tests/fake-herdr.ts 13ms (unchanged)
tests/fixtures/chart-usage/README.md 4ms (unchanged)
tests/harness-template.test.ts 3ms (unchanged)
tests/helpers.ts 5ms (unchanged)
tests/hold.test.ts 50ms (unchanged)
tests/init.test.ts 25ms (unchanged)
tests/install.test.ts 14ms (unchanged)
tests/merge-attempts.test.ts 24ms (unchanged)
tests/next.test.ts 376ms (unchanged)
tests/park.test.ts 10ms (unchanged)
tests/pause-next.test.ts 26ms (unchanged)
tests/pause-status.test.ts 8ms (unchanged)
tests/pause.test.ts 7ms (unchanged)
tests/peer-wait.test.ts 7ms (unchanged)
tests/phase.test.ts 80ms (unchanged)
tests/preflight.test.ts 6ms (unchanged)
tests/pull.test.ts 17ms (unchanged)
tests/readiness.test.ts 6ms (unchanged)
tests/shell.test.ts 9ms (unchanged)
tests/state.test.ts 8ms (unchanged)
tests/status.test.ts 38ms (unchanged)
tests/sync.test.ts 11ms (unchanged)
tests/test-files.test.ts 1ms (unchanged)
tests/watch-issues-scripts.test.ts 1ms (unchanged)
skills/chart-issues/scripts/chart-usage.ts 25ms (unchanged)
skills/chart-issues/scripts/direct-guards.ts 2ms (unchanged)
skills/chart-issues/scripts/peer-wait.ts 4ms (unchanged)
