$ prettier --write src tests skills/chart-issues/scripts
src/akrogon.ts 51ms (unchanged)
src/AREA.md 18ms (unchanged)
src/batch.ts 15ms (unchanged)
src/config.ts 24ms (unchanged)
src/init.ts 6ms (unchanged)
src/install.ts 5ms (unchanged)
src/log.ts 4ms (unchanged)
src/next.ts 73ms (unchanged)
src/park.ts 6ms (unchanged)
src/phase.ts 40ms (unchanged)
src/preflight.ts 4ms (unchanged)
src/pull.ts 9ms (unchanged)
src/readiness.ts 4ms (unchanged)
src/routing.ts 2ms (unchanged)
src/session-file.ts 3ms (unchanged)
src/shell.ts 6ms (unchanged)
src/state.ts 8ms (unchanged)
src/status.ts 21ms
src/sync.ts 6ms (unchanged)
src/test-files.ts 1ms (unchanged)
src/turn.ts 3ms (unchanged)
tests/AREA.md 2ms (unchanged)
tests/batch-dispatch.test.ts 51ms (unchanged)
tests/batch-merge.test.ts 59ms (unchanged)
tests/batch.test.ts 12ms (unchanged)
tests/chart-shapes.test.ts 4ms (unchanged)
tests/chart-usage.test.ts 14ms (unchanged)
tests/close.test.ts 4ms (unchanged)
tests/command-reference.test.ts 5ms (unchanged)
tests/config.test.ts 29ms (unchanged)
tests/direct-guards.test.ts 3ms (unchanged)
tests/docs-links.test.ts 4ms (unchanged)
tests/fake-gh.ts 4ms (unchanged)
tests/fake-herdr.ts 7ms (unchanged)
tests/fixtures/chart-usage/README.md 3ms (unchanged)
tests/harness-template.test.ts 2ms (unchanged)
tests/helpers.ts 4ms (unchanged)
tests/init.test.ts 9ms (unchanged)
tests/install.test.ts 6ms (unchanged)
tests/next.test.ts 190ms (unchanged)
tests/park.test.ts 6ms (unchanged)
tests/peer-wait.test.ts 6ms (unchanged)
tests/phase.test.ts 67ms (unchanged)
tests/preflight.test.ts 5ms (unchanged)
tests/pull.test.ts 15ms (unchanged)
tests/readiness.test.ts 5ms (unchanged)
tests/shell.test.ts 7ms (unchanged)
tests/state.test.ts 8ms (unchanged)
tests/status.test.ts 31ms (unchanged)
tests/sync.test.ts 15ms (unchanged)
tests/test-files.test.ts 1ms (unchanged)
tests/watch-issues-scripts.test.ts 1ms (unchanged)
skills/chart-issues/scripts/chart-usage.ts 26ms (unchanged)
skills/chart-issues/scripts/direct-guards.ts 1ms (unchanged)
skills/chart-issues/scripts/peer-wait.ts 3ms (unchanged)
